WARNING ⚠️ torchvision==0.28 is incompatible with torch==2.3.
Run 'pip install torchvision==0.18' to fix torchvision or 'pip install -U torch torchvision' to update both.
For a full compatibility table see https://github.com/pytorch/vision#installation
WARNING ⚠️ no model scale passed. Assuming scale='n'.
WARNING ⚠️ no model scale passed. Assuming scale='n'.
Transferred 400/628 items from pretrained weights
WARNING ⚠️ torchvision==0.28 is incompatible with torch==2.3.
Run 'pip install torchvision==0.18' to fix torchvision or 'pip install -U torch torchvision' to update both.
For a full compatibility table see https://github.com/pytorch/vision#installation
{"layer6": "C3k2DCNv2", "layer8": "C3k2", "layer10": "C2PSA", "shape": [1, 300, 6]}
msdgs_bb_p4_dcnv2 summary: 133 layers, 1,792,988 parameters, 38,708 gradients, 4.1 GFLOPs
{
  "module_behavior": {
    "deform_units_full_c3k": 4,
    "deform_units_seen": 4,
    "init_offset_max_abs": 0.0,
    "init_mask_dev_from_one": 0.0,
    "offset_grad_step1": 0.0013048747787252069,
    "deform_grad_step1": 0.001050917198881507,
    "outer_cv1_grad_step1": 0.0015380408149212599,
    "offset_grad_step2": 0.0011575394310057163,
    "deform_grad_step2": 0.0010645585134625435
  },
  "candidate": {
    "cfg": "/root/autodl-tmp/neu-det-yolo26/generated_models_msdgs_backbone_dcnv2_e250/msdgs_bb_p4_dcnv2.yaml",
    "changed_backbone_indices": [
      6
    ],
    "layer6": "C3k2DCNv2",
    "layer8": "C3k2",
    "layer10": "C2PSA",
    "deform_units_layer6": 2,
    "end2end": true,
    "reg_max": 1,
    "nl": 3,
    "detect_input_channels": [
      64,
      128,
      256
    ],
    "eval_shape": [
      1,
      300,
      6
    ],
    "fused_shape": [
      1,
      300,
      6
    ],
    "fuse_device": "cuda",
    "fused_deform_units": 2,
    "preserved_mainpath_tensors": 50,
    "preserved_mainpath_max_abs_error": 0.0,
    "missing_deform_state_items": 6,
    "official_matched_tensors": 400,
    "baseline_matched_tensors": 402,
    "params_unfused": 1921042,
    "params_fused": 1792988,
    "gflops_fused_inference": 4.0740352,
    "budget_fused_params_max": 1900000,
    "budget_gflops_max": 4.4,
    "roundtrip_checkpoint": "/root/autodl-tmp/neu-det-yolo26/runs_msdgs_backbone_dcnv2_e250/build_check/msdgs_bb_p4_dcnv2_roundtrip.pt"
  }
}
BUILD_CHECK_MSDGS_BACKBONE_DCNV2_OK /root/autodl-tmp/neu-det-yolo26/runs_msdgs_backbone_dcnv2_e250/build_check/report.json
