WARNING ⚠️ torchvision==0.28 is incompatible with torch==2.3.
Run 'pip install torchvision==0.18' to fix torchvision or 'pip install -U torch torchvision' to update both.
For a full compatibility table see https://github.com/pytorch/vision#installation
Ultralytics 8.4.93 🚀 Python-3.10.20 torch-2.3.1+cu121 CUDA:0 (NVIDIA GeForce RTX 4090, 24081MiB)
y26n_i18_gsdown_hwd_e250 summary (fused): 122 layers, 2,578,534 parameters, 0 gradients, 5.2 GFLOPs
[34m[1mval: [0mFast image access ✅ (ping: 0.0±0.0 ms, read: 2022.6±465.4 MB/s, size: 47.1 KB)
[K[34m[1mval: [0mScanning /root/autodl-tmp/neu-det-yolo26/dataset/valid/labels.cache... 299 images, 1 backgrounds, 0 corrupt: 100% ━━━━━━━━━━━━ 300/300 54.7Mit/s 0.0s
[K                 Class     Images  Instances      Box(P          R      mAP50  mAP50-95): 10% ━─────────── 1/10 1.7s/it 0.5s<14.9s[K                 Class     Images  Instances      Box(P          R      mAP50  mAP50-95): 20% ━━────────── 2/10 1.1s/it 1.1s<8.5s[K                 Class     Images  Instances      Box(P          R      mAP50  mAP50-95): 30% ━━━╸──────── 3/10 1.2it/s 1.7s<6.0s[K                 Class     Images  Instances      Box(P          R      mAP50  mAP50-95): 40% ━━━━╸─────── 4/10 1.4it/s 2.2s<4.4s[K                 Class     Images  Instances      Box(P          R      mAP50  mAP50-95): 50% ━━━━━━────── 5/10 3.4it/s 2.3s<1.5s[K                 Class     Images  Instances      Box(P          R      mAP50  mAP50-95): 60% ━━━━━━━───── 6/10 4.9it/s 2.5s<0.8s[K                 Class     Images  Instances      Box(P          R      mAP50  mAP50-95): 80% ━━━━━━━━━╸── 8/10 6.9it/s 2.6s<0.3s[K                 Class     Images  Instances      Box(P          R      mAP50  mAP50-95): 100% ━━━━━━━━━━━━ 10/10 3.4it/s 2.9s
                   all        300        665      0.728      0.707      0.728      0.395
Speed: 2.1ms preprocess, 2.5ms inference, 0.0ms loss, 0.1ms postprocess per image
Results saved to [1m/root/autodl-tmp/neu-det-yolo26/runs/i18_gsdown_hwd_truth[0m
PER_CLASS_START
class                  mAP50    mAP50-95
all                   0.7284      0.3952
crazing               0.4828      0.1710
inclusion             0.7978      0.4425
patches               0.8806      0.5192
pitted_surface        0.7105      0.4246
rolled-in_scale       0.5923      0.2846
scratches             0.9063      0.5295
PER_CLASS_END
