WARNING ⚠️ torchvision==0.28 is incompatible with torch==2.3.
Run 'pip install torchvision==0.18' to fix torchvision or 'pip install -U torch torchvision' to update both.
For a full compatibility table see https://github.com/pytorch/vision#installation
Ultralytics 8.4.93 🚀 Python-3.10.20 torch-2.3.1+cu121 CUDA:0 (NVIDIA GeForce RTX 4090, 24081MiB)
y26n_i18_winner_carafe_e250 summary (fused): 109 layers, 2,524,222 parameters, 0 gradients, 6.7 GFLOPs
[34m[1mval: [0mFast image access ✅ (ping: 0.0±0.0 ms, read: 1976.8±538.1 MB/s, size: 46.8 KB)
[K[34m[1mval: [0mScanning /root/autodl-tmp/neu-det-yolo26/dataset/valid/labels.cache... 299 images, 1 backgrounds, 0 corrupt: 100% ━━━━━━━━━━━━ 300/300 52.4Mit/s 0.0s
[K                 Class     Images  Instances      Box(P          R      mAP50  mAP50-95): 10% ━─────────── 1/10 1.5s/it 0.5s<13.8s[K                 Class     Images  Instances      Box(P          R      mAP50  mAP50-95): 20% ━━────────── 2/10 1.1s/it 1.1s<8.5s[K                 Class     Images  Instances      Box(P          R      mAP50  mAP50-95): 30% ━━━╸──────── 3/10 1.1it/s 1.7s<6.2s[K                 Class     Images  Instances      Box(P          R      mAP50  mAP50-95): 40% ━━━━╸─────── 4/10 1.4it/s 2.2s<4.4s[K                 Class     Images  Instances      Box(P          R      mAP50  mAP50-95): 50% ━━━━━━────── 5/10 3.7it/s 2.4s<1.4s[K                 Class     Images  Instances      Box(P          R      mAP50  mAP50-95): 60% ━━━━━━━───── 6/10 5.3it/s 2.5s<0.8s[K                 Class     Images  Instances      Box(P          R      mAP50  mAP50-95): 70% ━━━━━━━━──── 7/10 6.5it/s 2.6s<0.5s[K                 Class     Images  Instances      Box(P          R      mAP50  mAP50-95): 80% ━━━━━━━━━╸── 8/10 7.2it/s 2.7s<0.3s[K                 Class     Images  Instances      Box(P          R      mAP50  mAP50-95): 90% ━━━━━━━━━━╸─ 9/10 7.5it/s 2.8s<0.1s[K                 Class     Images  Instances      Box(P          R      mAP50  mAP50-95): 100% ━━━━━━━━━━━━ 10/10 3.3it/s 3.0s
                   all        300        665      0.744      0.661      0.719      0.401
Speed: 1.9ms preprocess, 3.6ms inference, 0.0ms loss, 0.4ms postprocess per image
Results saved to [1m/root/autodl-tmp/neu-det-yolo26/runs/pc_i18_winner_carafe[0m
PER_CLASS_START
class                  mAP50    mAP50-95
all                   0.7186      0.4005
crazing               0.4508      0.1821
inclusion             0.8222      0.4484
patches               0.8573      0.5654
pitted_surface        0.7413      0.4097
rolled-in_scale       0.5609      0.2696
scratches             0.8788      0.5280
PER_CLASS_END
