--2026-08-03 07:56:20--  https://github.com/ultralytics/assets/releases/download/v8.4.0/rtdetr-l.pt
Resolving github.com (github.com)... 20.205.243.166
Connecting to github.com (github.com)|20.205.243.166|:443... connected.
HTTP request sent, awaiting response... 302 Found
Location: https://release-assets.githubusercontent.com/github-production-release-asset/521807533/08841054-42d2-46be-96ae-298053c07f19?sp=r&sv=2018-11-09&sr=b&spr=https&se=2026-08-03T00%3A41%3A42Z&rscd=attachment%3B+filename%3Drtdetr-l.pt&rsct=application%2Foctet-stream&skoid=96c2d410-5711-43a1-aedd-ab1947aa7ab0&sktid=398a6654-997b-47e9-b12b-9515b896b4de&skt=2026-08-02T23%3A41%3A03Z&ske=2026-08-03T00%3A41%3A42Z&sks=b&skv=2018-11-09&sig=UqAdkJy%2FeuZOqGZODDnlOpKGoOVNU6ZswTCXwRpaJZ8%3D&jwt=eyJ0eXAiOiJKV1QiLCJhbGciOiJIUzI1NiJ9.eyJpc3MiOiJnaXRodWIuY29tIiwiYXVkIjoicmVsZWFzZS1hc3NldHMuZ2l0aHVidXNlcmNvbnRlbnQuY29tIiwia2V5Ijoia2V5MSIsImV4cCI6MTc4NTcxNjc4MSwibmJmIjoxNzg1NzE0OTgxLCJwYXRoIjoicmVsZWFzZWFzc2V0cHJvZHVjdGlvbi5ibG9iLmNvcmUud2luZG93cy5uZXQifQ.ehkWyq4hDms1PkhLvRWsV43oUOK9j_YfSlpqOnoqkT0&response-content-disposition=attachment%3B%20filename%3Drtdetr-l.pt&response-content-type=application%2Foctet-stream [following]
--2026-08-03 07:56:21--  https://release-assets.githubusercontent.com/github-production-release-asset/521807533/08841054-42d2-46be-96ae-298053c07f19?sp=r&sv=2018-11-09&sr=b&spr=https&se=2026-08-03T00%3A41%3A42Z&rscd=attachment%3B+filename%3Drtdetr-l.pt&rsct=application%2Foctet-stream&skoid=96c2d410-5711-43a1-aedd-ab1947aa7ab0&sktid=398a6654-997b-47e9-b12b-9515b896b4de&skt=2026-08-02T23%3A41%3A03Z&ske=2026-08-03T00%3A41%3A42Z&sks=b&skv=2018-11-09&sig=UqAdkJy%2FeuZOqGZODDnlOpKGoOVNU6ZswTCXwRpaJZ8%3D&jwt=eyJ0eXAiOiJKV1QiLCJhbGciOiJIUzI1NiJ9.eyJpc3MiOiJnaXRodWIuY29tIiwiYXVkIjoicmVsZWFzZS1hc3NldHMuZ2l0aHVidXNlcmNvbnRlbnQuY29tIiwia2V5Ijoia2V5MSIsImV4cCI6MTc4NTcxNjc4MSwibmJmIjoxNzg1NzE0OTgxLCJwYXRoIjoicmVsZWFzZWFzc2V0cHJvZHVjdGlvbi5ibG9iLmNvcmUud2luZG93cy5uZXQifQ.ehkWyq4hDms1PkhLvRWsV43oUOK9j_YfSlpqOnoqkT0&response-content-disposition=attachment%3B%20filename%3Drtdetr-l.pt&response-content-type=application%2Foctet-stream
Resolving release-assets.githubusercontent.com (release-assets.githubusercontent.com)... 185.199.108.133, 185.199.109.133, 185.199.110.133
Connecting to release-assets.githubusercontent.com (release-assets.githubusercontent.com)|185.199.108.133|:443... connected.
HTTP request sent, awaiting response... 206 Partial Content
Length: 66511432 (63M), 65247723 (62M) remaining [application/octet-stream]
Saving to: 'rtdetr-l.pt'

        [ skipping 1200K ]
  1200K ,,,,,,,,,, ,,,,,,,,,, ,,,,,,,,,, ,,,,...... ..........  1% 2.08M 94s
  1250K .......... .......... .......... .......... ..........  2%  261K 3m28s
  1300K .......... .......... .......... .......... ..........  2%  403K 3m6s
  1350K .......... .......... .......... .......... ..........  2% 1.01M 2m28s
  1400K .......... .......... .......... .......... ..........  2% 1.74M 2m2s
  1450K .......... .......... .......... .......... ..........  2%  671K 1m57s
  1500K .......... .......... .......... .......... ..........  2% 1.61M 1m44s
  1550K .......... .......... .......... .......... ..........  2% 1.87M 95s
  1600K .......... .......... .......... .......... ..........  2% 2.99M 86s
  1650K .......... .......... .......... .......... ..........  2% 3.32M 78s
  1700K .......... .......... .......... .......... ..........  2%  898K 78s
  1750K .......... .......... .......... .......... ..........  2% 3.76M 72s
  1800K .......... .......... .......... .......... ..........  2% 4.39M 67s
  1850K .......... .......... .......... .......... ..........  2% 2.46M 64s
  1900K .......... .......... .......... .......... ..........  3% 5.02M 60s
  1950K .......... .......... .......... .......... ..........  3% 4.08M 57s
  2000K .......... .......... .......... .......... ..........  3% 5.28M 55s
  2050K .......... .......... .......... .......... ..........  3% 5.80M 52s
  2100K .......... .......... .......... .......... ..........  3% 6.17M 50s
  2150K .......... .......... .......... .......... ..........  3% 6.27M 48s
  2200K .......... .......... .......... .......... ..........  3% 6.47M 46s
  2250K .......... .......... .......... .......... ..........  3% 1.03M 46s
  2300K .......... .......... .......... .......... ..........  3% 7.03M 45s
  2350K .......... .......... .......... .......... ..........  3% 5.45M 43s
  2400K .......... .......... .......... .......... ..........  3% 8.55M 42s
  2450K .......... .......... .......... .......... ..........  3% 8.08M 40s
  2500K .......... .......... .......... .......... ..........  3% 9.36M 39s
  2550K .......... .......... .......... .......... ..........  4% 3.80M 38s
  2600K .......... .......... .......... .......... ..........  4% 8.82M 37s
  2650K .......... .......... .......... .......... ..........  4% 10.6M 36s
  2700K .......... .......... .......... .......... ..........  4% 8.81M 35s
  2750K .......... .......... .......... .......... ..........  4% 7.97M 34s
  2800K .......... .......... .......... .......... ..........  4% 10.7M 33s
  2850K .......... .......... .......... .......... ..........  4% 10.5M 32s
  2900K .......... .......... .......... .......... ..........  4% 12.1M 31s
  2950K .......... .......... .......... .......... ..........  4% 10.5M 31s
  3000K .......... .......... .......... .......... ..........  4% 13.3M 30s
  3050K .......... .......... .......... .......... ..........  4% 14.1M 29s
  3100K .......... .......... .......... .......... ..........  4% 10.5M 29s
  3150K .......... .......... .......... .......... ..........  4% 10.8M 28s
  3200K .......... .......... .......... .......... ..........  5% 12.9M 27s
  3250K .......... .......... .......... .......... ..........  5% 14.0M 27s
  3300K .......... .......... .......... .......... ..........  5% 13.4M 26s
  3350K .......... .......... .......... .......... ..........  5% 1.10M 27s
  3400K .......... .......... .......... .......... ..........  5% 13.2M 26s
  3450K .......... .......... .......... .......... ..........  5% 14.7M 26s
  3500K .......... .......... .......... .......... ..........  5% 9.57M 25s
  3550K .......... .......... .......... .......... ..........  5% 10.7M 25s
  3600K .......... .......... .......... .......... ..........  5% 19.9M 24s
  3650K .......... .......... .......... .......... ..........  5% 13.5M 24s
  3700K .......... .......... .......... .......... ..........  5% 16.8M 24s
  3750K .......... .......... .......... .......... ..........  5% 18.9M 23s
  3800K .......... .......... .......... .......... ..........  5% 19.4M 23s
  3850K .......... .......... .......... .......... ..........  6% 14.2M 22s
  3900K .......... .......... .......... .......... ..........  6% 17.4M 22s
  3950K .......... .......... .......... .......... ..........  6% 5.01M 22s
  4000K .......... .......... .......... .......... ..........  6% 30.3M 21s
  4050K .......... .......... .......... .......... ..........  6% 15.4M 21s
  4100K .......... .......... .......... .......... ..........  6% 25.6M 21s
  4150K .......... .......... .......... .......... ..........  6% 14.5M 21s
  4200K .......... .......... .......... .......... ..........  6% 19.5M 20s
  4250K .......... .......... .......... .......... ..........  6% 22.1M 20s
  4300K .......... .......... .......... .......... ..........  6% 16.9M 20s
  4350K .......... .......... .......... .......... ..........  6% 17.1M 19s
  4400K .......... .......... .......... .......... ..........  6% 22.4M 19s
  4450K .......... .......... .......... .......... ..........  6% 19.0M 19s
  4500K .......... .......... .......... .......... ..........  7% 26.5M 19s
  4550K .......... .......... .......... .......... ..........  7% 20.5M 18s
  4600K .......... .......... .......... .......... ..........  7% 19.5M 18s
  4650K .......... .......... .......... .......... ..........  7% 31.4M 18s
  4700K .......... .......... .......... .......... ..........  7% 18.1M 18s
  4750K .......... .......... .......... .......... ..........  7% 18.7M 17s
  4800K .......... .......... .......... .......... ..........  7% 24.1M 17s
  4850K .......... .......... .......... .......... ..........  7% 20.8M 17s
  4900K .......... .......... .......... .......... ..........  7% 24.2M 17s
  4950K .......... .......... .......... .......... ..........  7% 28.3M 17s
  5000K .......... .......... .......... .......... ..........  7% 26.9M 16s
  5050K .......... .......... .......... .......... ..........  7% 21.7M 16s
  5100K .......... .......... .......... .......... ..........  7% 29.4M 16s
  5150K .......... .......... .......... .......... ..........  8% 18.7M 16s
  5200K .......... .......... .......... .......... ..........  8% 23.1M 16s
  5250K .......... .......... .......... .......... ..........  8% 38.5M 15s
  5300K .......... .......... .......... .......... ..........  8% 22.8M 15s
  5350K .......... .......... .......... .......... ..........  8% 33.8M 15s
  5400K .......... .......... .......... .......... ..........  8% 18.7M 15s
  5450K .......... .......... .......... .......... ..........  8% 49.7M 15s
  5500K .......... .......... .......... .......... ..........  8% 24.5M 15s
  5550K .......... .......... .......... .......... ..........  8%  967K 15s
  5600K .......... .......... .......... .......... ..........  8% 27.8M 15s
  5650K .......... .......... .......... .......... ..........  8% 25.7M 15s
  5700K .......... .......... .......... .......... ..........  8% 50.3M 15s
  5750K .......... .......... .......... .......... ..........  8% 24.8M 14s
  5800K .......... .......... .......... .......... ..........  9% 26.0M 14s
  5850K .......... .......... .......... .......... ..........  9% 52.3M 14s
  5900K .......... .......... .......... .......... ..........  9% 25.4M 14s
  5950K .......... .......... .......... .......... ..........  9% 24.1M 14s
  6000K .......... .......... .......... .......... ..........  9% 27.2M 14s
  6050K .......... .......... .......... .......... ..........  9% 51.0M 14s
  6100K .......... .......... .......... .......... ..........  9% 25.4M 14s
  6150K .......... .......... .......... .......... ..........  9% 47.0M 13s
  6200K .......... .......... .......... .......... ..........  9% 26.6M 13s
  6250K .......... .......... .......... .......... ..........  9% 48.4M 13s
  6300K .......... .......... .......... .......... ..........  9% 25.7M 13s
  6350K .......... .......... .......... .......... ..........  9% 25.7M 13s
  6400K .......... .......... .......... .......... ..........  9% 46.9M 13s
  6450K .......... .......... .......... .......... .......... 10% 26.8M 13s
  6500K .......... .......... .......... .......... .......... 10% 48.4M 13s
  6550K .......... .......... .......... .......... .......... 10% 28.1M 12s
  6600K .......... .......... .......... .......... .......... 10% 42.2M 12s
  6650K .......... .......... .......... .......... .......... 10% 51.6M 12s
  6700K .......... .......... .......... .......... .......... 10% 26.4M 12s
  6750K .......... .......... .......... .......... .......... 10% 28.9M 12s
  6800K .......... .......... .......... .......... .......... 10% 55.1M 12s
  6850K .......... .......... .......... .......... .......... 10% 28.0M 12s
  6900K .......... .......... .......... .......... .......... 10% 29.1M 12s
  6950K .......... .......... .......... .......... .......... 10% 56.4M 12s
  7000K .......... .......... .......... .......... .......... 10% 31.0M 11s
  7050K .......... .......... .......... .......... .......... 10% 35.6M 11s
  7100K .......... .......... .......... .......... .......... 11% 69.4M 11s
  7150K .......... .......... .......... .......... .......... 11% 26.8M 11s
  7200K .......... .......... .......... .......... .......... 11% 42.7M 11s
  7250K .......... .......... .......... .......... .......... 11% 14.2M 11s
  7300K .......... .......... .......... .......... .......... 11% 30.5M 11s
  7350K .......... .......... .......... .......... .......... 11% 25.8M 11s
  7400K .......... .......... .......... .......... .......... 11% 31.0M 11s
  7450K .......... .......... .......... .......... .......... 11% 12.8M 11s
  7500K .......... .......... .......... .......... .......... 11% 28.6M 11s
  7550K .......... .......... .......... .......... .......... 11% 15.9M 11s
  7600K .......... .......... .......... .......... .......... 11% 24.8M 11s
  7650K .......... .......... .......... .......... .......... 11% 30.0M 10s
  7700K .......... .......... .......... .......... .......... 11% 14.3M 10s
  7750K .......... .......... .......... .......... .......... 12% 34.0M 10s
  7800K .......... .......... .......... .......... .......... 12% 22.4M 10s
  7850K .......... .......... .......... .......... .......... 12% 23.6M 10s
  7900K .......... .......... .......... .......... .......... 12% 16.0M 10s
  7950K .......... .......... .......... .......... .......... 12% 23.2M 10s
  8000K .......... .......... .......... .......... .......... 12% 29.8M 10s
  8050K .......... .......... .......... .......... .......... 12% 28.4M 10s
  8100K .......... .......... .......... .......... .......... 12% 32.6M 10s
  8150K .......... .......... .......... .......... .......... 12% 14.7M 10s
  8200K .......... .......... .......... .......... .......... 12% 27.7M 10s
  8250K .......... .......... .......... .......... .......... 12% 31.7M 10s
  8300K .......... .......... .......... .......... .......... 12% 27.4M 10s
  8350K .......... .......... .......... .......... .......... 12% 20.8M 10s
  8400K .......... .......... .......... .......... .......... 13% 30.1M 9s
  8450K .......... .......... .......... .......... .......... 13% 31.7M 9s
  8500K .......... .......... .......... .......... .......... 13% 18.9M 9s
  8550K .......... .......... .......... .......... .......... 13% 26.4M 9s
  8600K .......... .......... .......... .......... .......... 13%  984K 10s
  8650K .......... .......... .......... .......... .......... 13% 22.5M 10s
  8700K .......... .......... .......... .......... .......... 13% 25.3M 10s
  8750K .......... .......... .......... .......... .......... 13% 27.0M 9s
  8800K .......... .......... .......... .......... .......... 13% 25.5M 9s
  8850K .......... .......... .......... .......... .......... 13%  356M 9s
  8900K .......... .......... .......... .......... .......... 13% 25.3M 9s
  8950K .......... .......... .......... .......... .......... 13% 25.8M 9s
  9000K .......... .......... .......... .......... .......... 13% 28.5M 9s
  9050K .......... .......... .......... .......... .......... 14% 26.3M 9s
  9100K .......... .......... .......... .......... .......... 14%  397M 9s
  9150K .......... .......... .......... .......... .......... 14% 23.5M 9s
  9200K .......... .......... .......... .......... .......... 14% 28.3M 9s
  9250K .......... .......... .......... .......... .......... 14% 24.9M 9s
  9300K .......... .......... .......... .......... .......... 14% 23.7M 9s
  9350K .......... .......... .......... .......... .......... 14% 24.5M 9s
  9400K .......... .......... .......... .......... .......... 14%  351M 9s
  9450K .......... .......... .......... .......... .......... 14% 28.5M 9s
  9500K .......... .......... .......... .......... .......... 14% 20.1M 9s
  9550K .......... .......... .......... .......... .......... 14% 40.0M 9s
  9600K .......... .......... .......... .......... .......... 14% 46.0M 9s
  9650K .......... .......... .......... .......... .......... 14%  386M 8s
  9700K .......... .......... .......... .......... .......... 15% 29.4M 8s
  9750K .......... .......... .......... .......... .......... 15% 23.3M 8s
  9800K .......... .......... .......... .......... .......... 15% 33.7M 8s
  9850K .......... .......... .......... .......... .......... 15% 26.6M 8s
  9900K .......... .......... .......... .......... .......... 15%  402M 8s
  9950K .......... .......... .......... .......... .......... 15% 31.5M 8s
 10000K .......... .......... .......... .......... .......... 15% 27.4M 8s
 10050K .......... .......... .......... .......... .......... 15% 49.1M 8s
 10100K .......... .......... .......... .......... .......... 15% 32.2M 8s
 10150K .......... .......... .......... .......... .......... 15% 26.4M 8s
 10200K .......... .......... .......... .......... .......... 15% 26.6M 8s
 10250K .......... .......... .......... .......... .......... 15%  129M 8s
 10300K .......... .......... .......... .......... .......... 15% 19.2M 8s
 10350K .......... .......... .......... .......... .......... 16% 30.0M 8s
 10400K .......... .......... .......... .......... .......... 16% 27.5M 8s
 10450K .......... .......... .......... .......... .......... 16% 14.2M 8s
 10500K .......... .......... .......... .......... .......... 16% 28.8M 8s
 10550K .......... .......... .......... .......... .......... 16% 12.8M 8s
 10600K .......... .......... .......... .......... .......... 16%  245M 8s
 10650K .......... .......... .......... .......... .......... 16% 16.0M 8s
 10700K .......... .......... .......... .......... .......... 16% 32.2M 8s
 10750K .......... .......... .......... .......... .......... 16% 14.6M 8s
 10800K .......... .......... .......... .......... .......... 16% 28.3M 8s
 10850K .......... .......... .......... .......... .......... 16% 12.9M 8s
 10900K .......... .......... .......... .......... .......... 16% 30.5M 7s
 10950K .......... .......... .......... .......... .......... 16% 31.6M 7s
 11000K .......... .......... .......... .......... .......... 17% 20.4M 7s
 11050K .......... .......... .......... .......... .......... 17% 32.7M 7s
 11100K .......... .......... .......... .......... .......... 17% 17.2M 7s
 11150K .......... .......... .......... .......... .......... 17%  157K 9s
 11200K .......... .......... .......... .......... .......... 17% 17.2M 9s
 11250K .......... .......... .......... .......... .......... 17%  271M 9s
 11300K .......... .......... .......... .......... .......... 17%  262M 9s
 11350K .......... .......... .......... .......... .......... 17%  243M 9s
 11400K .......... .......... .......... .......... .......... 17%  283M 9s
 11450K .......... .......... .......... .......... .......... 17%  246M 9s
 11500K .......... .......... .......... .......... .......... 17%  285M 9s
 11550K .......... .......... .......... .......... .......... 17%  237M 9s
 11600K .......... .......... .......... .......... .......... 17%  269M 9s
 11650K .......... .......... .......... .......... .......... 18%  289M 9s
 11700K .......... .......... .......... .......... .......... 18%  293M 8s
 11750K .......... .......... .......... .......... .......... 18%  266M 8s
 11800K .......... .......... .......... .......... .......... 18%  299M 8s
 11850K .......... .......... .......... .......... .......... 18%  279M 8s
 11900K .......... .......... .......... .......... .......... 18%  304M 8s
 11950K .......... .......... .......... .......... .......... 18%  253M 8s
 12000K .......... .......... .......... .......... .......... 18%  307M 8s
 12050K .......... .......... .......... .......... .......... 18%  303M 8s
 12100K .......... .......... .......... .......... .......... 18%  287M 8s
 12150K .......... .......... .......... .......... .......... 18%  275M 8s
 12200K .......... .......... .......... .......... .......... 18%  297M 8s
 12250K .......... .......... .......... .......... .......... 18%  294M 8s
 12300K .......... .......... .......... .......... .......... 19%  296M 8s
 12350K .......... .......... .......... .......... .......... 19%  236M 8s
 12400K .......... .......... .......... .......... .......... 19%  291M 8s
 12450K .......... .......... .......... .......... .......... 19%  289M 8s
 12500K .......... .......... .......... .......... .......... 19%  278M 8s
 12550K .......... .......... .......... .......... .......... 19%  190M 8s
 12600K .......... .......... .......... .......... .......... 19%  284M 8s
 12650K .......... .......... .......... .......... .......... 19%  293M 8s
 12700K .......... .......... .......... .......... .......... 19%  296M 8s
 12750K .......... .......... .......... .......... .......... 19%  246M 8s
 12800K .......... .......... .......... .......... .......... 19%  293M 8s
 12850K .......... .......... .......... .......... .......... 19%  274M 8s
 12900K .......... .......... .......... .......... .......... 19%  304M 7s
 12950K .......... .......... .......... .......... .......... 20%  269M 7s
 13000K .......... .......... .......... .......... .......... 20%  296M 7s
 13050K .......... .......... .......... .......... .......... 20%  302M 7s
 13100K .......... .......... .......... .......... .......... 20%  281M 7s
 13150K .......... .......... .......... .......... .......... 20%  248M 7s
 13200K .......... .......... .......... .......... .......... 20%  300M 7s
 13250K .......... .......... .......... .......... .......... 20%  297M 7s
 13300K .......... .......... .......... .......... .......... 20%  298M 7s
 13350K .......... .......... .......... .......... .......... 20%  259M 7s
 13400K .......... .......... .......... .......... .......... 20%  296M 7s
 13450K .......... .......... .......... .......... .......... 20%  301M 7s
 13500K .......... .......... .......... .......... .......... 20%  304M 7s
 13550K .......... .......... .......... .......... .......... 20%  245M 7s
 13600K .......... .......... .......... .......... .......... 21%  102M 7s
 13650K .......... .......... .......... .......... .......... 21%  279M 7s
 13700K .......... .......... .......... .......... .......... 21%  284M 7s
 13750K .......... .......... .......... .......... .......... 21%  265M 7s
 13800K .......... .......... .......... .......... .......... 21%  303M 7s
 13850K .......... .......... .......... .......... .......... 21%  284M 7s
 13900K .......... .......... .......... .......... .......... 21%  299M 7s
 13950K .......... .......... .......... .......... .......... 21%  245M 7s
 14000K .......... .......... .......... .......... .......... 21%  296M 7s
 14050K .......... .......... .......... .......... .......... 21%  292M 7s
 14100K .......... .......... .......... .......... .......... 21%  300M 7s
 14150K .......... .......... .......... .......... .......... 21%  260M 7s
 14200K .......... .......... .......... .......... .......... 21%  342K 7s
 14250K .......... .......... .......... .......... .......... 22%  126M 7s
 14300K .......... .......... .......... .......... .......... 22% 26.5M 7s
 14350K .......... .......... .......... .......... .......... 22% 24.0M 7s
 14400K .......... .......... .......... .......... .......... 22% 57.9M 7s
 14450K .......... .......... .......... .......... .......... 22% 25.6M 7s
 14500K .......... .......... .......... .......... .......... 22% 29.8M 7s
 14550K .......... .......... .......... .......... .......... 22% 40.1M 7s
 14600K .......... .......... .......... .......... .......... 22% 2.71M 7s
 14650K .......... .......... .......... .......... .......... 22%  272M 7s
 14700K .......... .......... .......... .......... .......... 22% 21.7M 7s
 14750K .......... .......... .......... .......... .......... 22% 27.2M 7s
 14800K .......... .......... .......... .......... .......... 22% 51.6M 7s
 14850K .......... .......... .......... .......... .......... 22% 26.6M 7s
 14900K .......... .......... .......... .......... .......... 23% 47.9M 7s
 14950K .......... .......... .......... .......... .......... 23% 25.2M 7s
 15000K .......... .......... .......... .......... .......... 23% 50.3M 7s
 15050K .......... .......... .......... .......... .......... 23% 27.4M 7s
 15100K .......... .......... .......... .......... .......... 23% 48.2M 7s
 15150K .......... .......... .......... .......... .......... 23% 25.9M 7s
 15200K .......... .......... .......... .......... .......... 23% 26.0M 7s
 15250K .......... .......... .......... .......... .......... 23% 26.2M 7s
 15300K .......... .......... .......... .......... .......... 23% 49.8M 7s
 15350K .......... .......... .......... .......... .......... 23% 26.5M 7s
 15400K .......... .......... .......... .......... .......... 23% 48.0M 7s
 15450K .......... .......... .......... .......... .......... 23% 19.9M 7s
 15500K .......... .......... .......... .......... .......... 23% 60.7M 7s
 15550K .......... .......... .......... .......... .......... 24% 30.5M 6s
 15600K .......... .......... .......... .......... .......... 24% 29.2M 6s
 15650K .......... .......... .......... .......... .......... 24% 48.2M 6s
 15700K .......... .......... .......... .......... .......... 24% 25.2M 6s
 15750K .......... .......... .......... .......... .......... 24% 46.7M 6s
 15800K .......... .......... .......... .......... .......... 24% 28.1M 6s
 15850K .......... .......... .......... .......... .......... 24% 47.0M 6s
 15900K .......... .......... .......... .......... .......... 24% 26.6M 6s
 15950K .......... .......... .......... .......... .......... 24% 25.4M 6s
 16000K .......... .......... .......... .......... .......... 24% 26.1M 6s
 16050K .......... .......... .......... .......... .......... 24% 48.7M 6s
 16100K .......... .......... .......... .......... .......... 24%  581K 7s
 16150K .......... .......... .......... .......... .......... 24% 42.4M 6s
 16200K .......... .......... .......... .......... .......... 25% 26.5M 6s
 16250K .......... .......... .......... .......... .......... 25% 51.0M 6s
 16300K .......... .......... .......... .......... .......... 25% 26.2M 6s
 16350K .......... .......... .......... .......... .......... 25% 25.6M 6s
 16400K .......... .......... .......... .......... .......... 25% 50.5M 6s
 16450K .......... .......... .......... .......... .......... 25% 26.3M 6s
 16500K .......... .......... .......... .......... .......... 25% 49.6M 6s
 16550K .......... .......... .......... .......... .......... 25% 26.8M 6s
 16600K .......... .......... .......... .......... .......... 25% 46.7M 6s
 16650K .......... .......... .......... .......... .......... 25% 26.3M 6s
 16700K .......... .......... .......... .......... .......... 25% 50.5M 6s
 16750K .......... .......... .......... .......... .......... 25% 26.0M 6s
 16800K .......... .......... .......... .......... .......... 25% 26.4M 6s
 16850K .......... .......... .......... .......... .......... 26% 27.6M 6s
 16900K .......... .......... .......... .......... .......... 26% 44.3M 6s
 16950K .......... .......... .......... .......... .......... 26% 28.7M 6s
 17000K .......... .......... .......... .......... .......... 26% 42.7M 6s
 17050K .......... .......... .......... .......... .......... 26% 26.0M 6s
 17100K .......... .......... .......... .......... .......... 26% 49.6M 6s
 17150K .......... .......... .......... .......... .......... 26% 25.9M 6s
 17200K .......... .......... .......... .......... .......... 26% 21.6M 6s
 17250K .......... .......... .......... .......... .......... 26% 70.8M 6s
 17300K .......... .......... .......... .......... .......... 26% 27.2M 6s
 17350K .......... .......... .......... .......... .......... 26% 47.9M 6s
 17400K .......... .......... .......... .......... .......... 26% 25.9M 6s
 17450K .......... .......... .......... .......... .......... 26% 49.2M 6s
 17500K .......... .......... .......... .......... .......... 27% 27.0M 6s
 17550K .......... .......... .......... .......... .......... 27% 25.8M 6s
 17600K .......... .......... .......... .......... .......... 27% 26.1M 6s
 17650K .......... .......... .......... .......... .......... 27% 49.1M 6s
 17700K .......... .......... .......... .......... .......... 27% 26.0M 6s
 17750K .......... .......... .......... .......... .......... 27% 41.9M 6s
 17800K .......... .......... .......... .......... .......... 27% 29.2M 6s
 17850K .......... .......... .......... .......... .......... 27% 44.9M 6s
 17900K .......... .......... .......... .......... .......... 27% 27.9M 6s
 17950K .......... .......... .......... .......... .......... 27% 25.9M 6s
 18000K .......... .......... .......... .......... .......... 27% 48.1M 6s
 18050K .......... .......... .......... .......... .......... 27% 25.6M 6s
 18100K .......... .......... .......... .......... .......... 27% 52.2M 6s
 18150K .......... .......... .......... .......... .......... 28% 26.1M 6s
 18200K .......... .......... .......... .......... .......... 28% 50.6M 6s
 18250K .......... .......... .......... .......... .......... 28% 26.3M 6s
 18300K .......... .......... .......... .......... .......... 28% 49.8M 6s
 18350K .......... .......... .......... .......... .......... 28% 18.6M 6s
 18400K .......... .......... .......... .......... .......... 28% 44.1M 6s
 18450K .......... .......... .......... .......... .......... 28% 26.0M 6s
 18500K .......... .......... .......... .......... .......... 28% 48.1M 6s
 18550K .......... .......... .......... .......... .......... 28% 26.9M 6s
 18600K .......... .......... .......... .......... .......... 28% 42.3M 5s
 18650K .......... .......... .......... .......... .......... 28% 20.1M 5s
 18700K .......... .......... .......... .......... .......... 28% 54.7M 5s
 18750K .......... .......... .......... .......... .......... 28% 31.6M 5s
 18800K .......... .......... .......... .......... .......... 29% 29.9M 5s
 18850K .......... .......... .......... .......... .......... 29% 54.9M 5s
 18900K .......... .......... .......... .......... .......... 29% 25.9M 5s
 18950K .......... .......... .......... .......... .......... 29% 48.1M 5s
 19000K .......... .......... .......... .......... .......... 29% 26.5M 5s
 19050K .......... .......... .......... .......... .......... 29% 28.4M 5s
 19100K .......... .......... .......... .......... .......... 29% 43.5M 5s
 19150K .......... .......... .......... .......... .......... 29%  745K 5s
 19200K .......... .......... .......... .......... .......... 29% 25.0M 5s
 19250K .......... .......... .......... .......... .......... 29% 54.3M 5s
 19300K .......... .......... .......... .......... .......... 29% 26.2M 5s
 19350K .......... .......... .......... .......... .......... 29% 49.4M 5s
 19400K .......... .......... .......... .......... .......... 29% 22.4M 5s
 19450K .......... .......... .......... .......... .......... 30% 34.4M 5s
 19500K .......... .......... .......... .......... .......... 30% 37.2M 5s
 19550K .......... .......... .......... .......... .......... 30% 27.3M 5s
 19600K .......... .......... .......... .......... .......... 30% 59.3M 5s
 19650K .......... .......... .......... .......... .......... 30% 24.0M 5s
 19700K .......... .......... .......... .......... .......... 30% 61.5M 5s
 19750K .......... .......... .......... .......... .......... 30% 26.0M 5s
 19800K .......... .......... .......... .......... .......... 30% 28.1M 5s
 19850K .......... .......... .......... .......... .......... 30% 44.0M 5s
 19900K .......... .......... .......... .......... .......... 30% 26.0M 5s
 19950K .......... .......... .......... .......... .......... 30% 26.4M 5s
 20000K .......... .......... .......... .......... .......... 30% 48.7M 5s
 20050K .......... .......... .......... .......... .......... 30% 26.6M 5s
 20100K .......... .......... .......... .......... .......... 31% 47.9M 5s
 20150K .......... .......... .......... .......... .......... 31% 24.4M 5s
 20200K .......... .......... .......... .......... .......... 31% 57.0M 5s
 20250K .......... .......... .......... .......... .......... 31% 23.9M 5s
 20300K .......... .......... .......... .......... .......... 31% 60.0M 5s
 20350K .......... .......... .......... .......... .......... 31% 27.0M 5s
 20400K .......... .......... .......... .......... .......... 31% 25.9M 5s
 20450K .......... .......... .......... .......... .......... 31% 50.4M 5s
 20500K .......... .......... .......... .......... .......... 31% 26.3M 5s
 20550K .......... .......... .......... .......... .......... 31% 25.2M 5s
 20600K .......... .......... .......... .......... .......... 31% 59.3M 5s
 20650K .......... .......... .......... .......... .......... 31% 23.8M 5s
 20700K .......... .......... .......... .......... .......... 31% 59.0M 5s
 20750K .......... .......... .......... .......... .......... 32% 26.1M 5s
 20800K .......... .......... .......... .......... .......... 32% 25.7M 5s
 20850K .......... .......... .......... .......... .......... 32% 47.7M 5s
 20900K .......... .......... .......... .......... .......... 32% 25.4M 5s
 20950K .......... .......... .......... .......... .......... 32%  158K 6s
 21000K .......... .......... .......... .......... .......... 32%  166M 6s
 21050K .......... .......... .......... .......... .......... 32%  187M 6s
 21100K .......... .......... .......... .......... .......... 32%  184M 6s
 21150K .......... .......... .......... .......... .......... 32%  156M 6s
 21200K .......... .......... .......... .......... .......... 32%  188M 6s
 21250K .......... .......... .......... .......... .......... 32%  185M 5s
 21300K .......... .......... .......... .......... .......... 32%  199M 5s
 21350K .......... .......... .......... .......... .......... 32%  344M 5s
 21400K .......... .......... .......... .......... .......... 33%  398M 5s
 21450K .......... .......... .......... .......... .......... 33%  388M 5s
 21500K .......... .......... .......... .......... .......... 33%  391M 5s
 21550K .......... .......... .......... .......... .......... 33%  329M 5s
 21600K .......... .......... .......... .......... .......... 33%  399M 5s
 21650K .......... .......... .......... .......... .......... 33%  409M 5s
 21700K .......... .......... .......... .......... .......... 33%  400M 5s
 21750K .......... .......... .......... .......... .......... 33%  358M 5s
 21800K .......... .......... .......... .......... .......... 33% 70.4M 5s
 21850K .......... .......... .......... .......... .......... 33%  390M 5s
 21900K .......... .......... .......... .......... .......... 33%  408M 5s
 21950K .......... .......... .......... .......... .......... 33%  339M 5s
 22000K .......... .......... .......... .......... .......... 33%  412M 5s
 22050K .......... .......... .......... .......... .......... 34%  396M 5s
 22100K .......... .......... .......... .......... .......... 34%  406M 5s
 22150K .......... .......... .......... .......... .......... 34%  362M 5s
 22200K .......... .......... .......... .......... .......... 34%  400M 5s
 22250K .......... .......... .......... .......... .......... 34%  348M 5s
 22300K .......... .......... .......... .......... .......... 34%  322M 5s
 22350K .......... .......... .......... .......... .......... 34%  399M 5s
 22400K .......... .......... .......... .......... .......... 34%  379M 5s
 22450K .......... .......... .......... .......... .......... 34%  392M 5s
 22500K .......... .......... .......... .......... .......... 34%  351M 5s
 22550K .......... .......... .......... .......... .......... 34%  392M 5s
 22600K .......... .......... .......... .......... .......... 34%  393M 5s
 22650K .......... .......... .......... .......... .......... 34%  389M 5s
 22700K .......... .......... .......... .......... .......... 35%  316M 5s
 22750K .......... .......... .......... .......... .......... 35%  388M 5s
 22800K .......... .......... .......... .......... .......... 35%  385M 5s
 22850K .......... .......... .......... .......... .......... 35%  403M 5s
 22900K .......... .......... .......... .......... .......... 35%  352M 5s
 22950K .......... .......... .......... .......... .......... 35%  390M 5s
 23000K .......... .......... .......... .......... .......... 35%  378M 5s
 23050K .......... .......... .......... .......... .......... 35%  385M 5s
 23100K .......... .......... .......... .......... .......... 35%  318M 5s
 23150K .......... .......... .......... .......... .......... 35%  381M 5s
 23200K .......... .......... .......... .......... .......... 35%  367M 5s
 23250K .......... .......... .......... .......... .......... 35%  378M 5s
 23300K .......... .......... .......... .......... .......... 35%  351M 5s
 23350K .......... .......... .......... .......... .......... 36%  382M 5s
 23400K .......... .......... .......... .......... .......... 36%  353M 5s
 23450K .......... .......... .......... .......... .......... 36%  405M 5s
 23500K .......... .......... .......... .......... .......... 36%  332M 5s
 23550K .......... .......... .......... .......... .......... 36%  402M 5s
 23600K .......... .......... .......... .......... .......... 36%  409M 5s
 23650K .......... .......... .......... .......... .......... 36%  377M 5s
 23700K .......... .......... .......... .......... .......... 36%  361M 5s
 23750K .......... .......... .......... .......... .......... 36%  399M 5s
 23800K .......... .......... .......... .......... .......... 36%  375M 5s
 23850K .......... .......... .......... .......... .......... 36%  399M 5s
 23900K .......... .......... .......... .......... .......... 36%  335M 5s
 23950K .......... .......... .......... .......... .......... 36%  405M 5s
 24000K .......... .......... .......... .......... .......... 37%  338K 5s
 24050K .......... .......... .......... .......... .......... 37% 25.6M 5s
 24100K .......... .......... .......... .......... .......... 37% 26.5M 5s
 24150K .......... .......... .......... .......... .......... 37% 26.8M 5s
 24200K .......... .......... .......... .......... .......... 37% 18.2M 5s
 24250K .......... .......... .......... .......... .......... 37% 21.9M 5s
 24300K .......... .......... .......... .......... .......... 37% 17.2M 5s
 24350K .......... .......... .......... .......... .......... 37% 27.6M 5s
 24400K .......... .......... .......... .......... .......... 37% 31.3M 5s
 24450K .......... .......... .......... .......... .......... 37% 17.8M 5s
 24500K .......... .......... .......... .......... .......... 37% 24.0M 5s
 24550K .......... .......... .......... .......... .......... 37% 28.8M 5s
 24600K .......... .......... .......... .......... .......... 37% 25.2M 5s
 24650K .......... .......... .......... .......... .......... 38% 19.0M 5s
 24700K .......... .......... .......... .......... .......... 38% 17.6M 5s
 24750K .......... .......... .......... .......... .......... 38% 25.1M 5s
 24800K .......... .......... .......... .......... .......... 38% 26.6M 5s
 24850K .......... .......... .......... .......... .......... 38% 25.7M 5s
 24900K .......... .......... .......... .......... .......... 38% 17.8M 5s
 24950K .......... .......... .......... .......... .......... 38% 26.2M 5s
 25000K .......... .......... .......... .......... .......... 38% 26.5M 5s
 25050K .......... .......... .......... .......... .......... 38% 25.0M 5s
 25100K .......... .......... .......... .......... .......... 38% 18.3M 5s
 25150K .......... .......... .......... .......... .......... 38% 17.7M 5s
 25200K .......... .......... .......... .......... .......... 38% 24.4M 5s
 25250K .......... .......... .......... .......... .......... 38% 28.8M 4s
 25300K .......... .......... .......... .......... .......... 39% 25.6M 4s
 25350K .......... .......... .......... .......... .......... 39% 17.9M 4s
 25400K .......... .......... .......... .......... .......... 39% 26.1M 4s
 25450K .......... .......... .......... .......... .......... 39% 26.7M 4s
 25500K .......... .......... .......... .......... .......... 39% 17.7M 4s
 25550K .......... .......... .......... .......... .......... 39% 26.0M 4s
 25600K .......... .......... .......... .......... .......... 39% 17.8M 4s
 25650K .......... .......... .......... .......... .......... 39% 26.5M 4s
 25700K .......... .......... .......... .......... .......... 39% 21.0M 4s
 25750K .......... .......... .......... .......... .......... 39% 21.6M 4s
 25800K .......... .......... .......... .......... .......... 39% 25.0M 4s
 25850K .......... .......... .......... .......... .......... 39%  625K 4s
 25900K .......... .......... .......... .......... .......... 39% 22.3M 4s
 25950K .......... .......... .......... .......... .......... 40% 25.0M 4s
 26000K .......... .......... .......... .......... .......... 40% 24.8M 4s
 26050K .......... .......... .......... .......... .......... 40% 25.4M 4s
 26100K .......... .......... .......... .......... .......... 40% 22.0M 4s
 26150K .......... .......... .......... .......... .......... 40% 23.8M 4s
 26200K .......... .......... .......... .......... .......... 40% 28.9M 4s
 26250K .......... .......... .......... .......... .......... 40% 17.3M 4s
 26300K .......... .......... .......... .......... .......... 40% 24.3M 4s
 26350K .......... .......... .......... .......... .......... 40% 17.2M 4s
 26400K .......... .......... .......... .......... .......... 40% 24.3M 4s
 26450K .......... .......... .......... .......... .......... 40% 25.6M 4s
 26500K .......... .......... .......... .......... .......... 40% 24.4M 4s
 26550K .......... .......... .......... .......... .......... 40% 25.3M 4s
 26600K .......... .......... .......... .......... .......... 41% 24.3M 4s
 26650K .......... .......... .......... .......... .......... 41% 25.5M 4s
 26700K .......... .......... .......... .......... .......... 41% 16.5M 4s
 26750K .......... .......... .......... .......... .......... 41% 25.4M 4s
 26800K .......... .......... .......... .......... .......... 41% 26.0M 4s
 26850K .......... .......... .......... .......... .......... 41% 17.7M 4s
 26900K .......... .......... .......... .......... .......... 41% 23.6M 4s
 26950K .......... .......... .......... .......... .......... 41% 25.3M 4s
 27000K .......... .......... .......... .......... .......... 41% 25.0M 4s
 27050K .......... .......... .......... .......... .......... 41% 23.0M 4s
 27100K .......... .......... .......... .......... .......... 41% 17.7M 4s
 27150K .......... .......... .......... .......... .......... 41% 25.7M 4s
 27200K .......... .......... .......... .......... .......... 41% 25.0M 4s
 27250K .......... .......... .......... .......... .......... 42% 25.5M 4s
 27300K .......... .......... .......... .......... .......... 42% 24.1M 4s
 27350K .......... .......... .......... .......... .......... 42% 17.6M 4s
 27400K .......... .......... .......... .......... .......... 42% 24.1M 4s
 27450K .......... .......... .......... .......... .......... 42% 22.1M 4s
 27500K .......... .......... .......... .......... .......... 42% 18.6M 4s
 27550K .......... .......... .......... .......... .......... 42% 24.9M 4s
 27600K .......... .......... .......... .......... .......... 42% 25.1M 4s
 27650K .......... .......... .......... .......... .......... 42% 24.8M 4s
 27700K .......... .......... .......... .......... .......... 42% 24.6M 4s
 27750K .......... .......... .......... .......... .......... 42% 25.3M 4s
 27800K .......... .......... .......... .......... .......... 42% 24.4M 4s
 27850K .......... .......... .......... .......... .......... 42% 15.8M 4s
 27900K .......... .......... .......... .......... .......... 43% 22.0M 4s
 27950K .......... .......... .......... .......... .......... 43% 20.5M 4s
 28000K .......... .......... .......... .......... .......... 43% 20.2M 4s
 28050K .......... .......... .......... .......... .......... 43% 29.6M 4s
 28100K .......... .......... .......... .......... .......... 43% 27.5M 4s
 28150K .......... .......... .......... .......... .......... 43% 25.1M 4s
 28200K .......... .......... .......... .......... .......... 43% 23.7M 4s
 28250K .......... .......... .......... .......... .......... 43% 25.8M 4s
 28300K .......... .......... .......... .......... .......... 43% 14.2M 4s
 28350K .......... .......... .......... .......... .......... 43% 27.3M 4s
 28400K .......... .......... .......... .......... .......... 43% 30.0M 4s
 28450K .......... .......... .......... .......... .......... 43% 14.2M 4s
 28500K .......... .......... .......... .......... .......... 43% 27.1M 4s
 28550K .......... .......... .......... .......... .......... 44% 31.9M 4s
 28600K .......... .......... .......... .......... .......... 44% 24.5M 4s
 28650K .......... .......... .......... .......... .......... 44% 25.8M 4s
 28700K .......... .......... .......... .......... .......... 44% 15.0M 4s
 28750K .......... .......... .......... .......... .......... 44% 28.6M 4s
 28800K .......... .......... .......... .......... .......... 44% 26.4M 4s
 28850K .......... .......... .......... .......... .......... 44% 1.67M 4s
 28900K .......... .......... .......... .......... .......... 44% 21.9M 4s
 28950K .......... .......... .......... .......... .......... 44% 27.6M 4s
 29000K .......... .......... .......... .......... .......... 44% 26.0M 4s
 29050K .......... .......... .......... .......... .......... 44% 24.9M 4s
 29100K .......... .......... .......... .......... .......... 44% 17.0M 4s
 29150K .......... .......... .......... .......... .......... 44% 22.2M 4s
 29200K .......... .......... .......... .......... .......... 45% 25.8M 4s
 29250K .......... .......... .......... .......... .......... 45% 25.2M 4s
 29300K .......... .......... .......... .......... .......... 45% 24.6M 4s
 29350K .......... .......... .......... .......... .......... 45% 19.3M 4s
 29400K .......... .......... .......... .......... .......... 45% 29.2M 4s
 29450K .......... .......... .......... .......... .......... 45% 24.8M 4s
 29500K .......... .......... .......... .......... .......... 45% 17.2M 4s
 29550K .......... .......... .......... .......... .......... 45% 24.0M 4s
 29600K .......... .......... .......... .......... .......... 45% 17.5M 4s
 29650K .......... .......... .......... .......... .......... 45% 24.8M 4s
 29700K .......... .......... .......... .......... .......... 45% 18.3M 4s
 29750K .......... .......... .......... .......... .......... 45% 28.5M 4s
 29800K .......... .......... .......... .......... .......... 45% 31.5M 4s
 29850K .......... .......... .......... .......... .......... 46% 20.9M 4s
 29900K .......... .......... .......... .......... .......... 46% 25.0M 4s
 29950K .......... .......... .......... .......... .......... 46% 17.2M 4s
 30000K .......... .......... .......... .......... .......... 46% 25.3M 4s
 30050K .......... .......... .......... .......... .......... 46% 25.1M 4s
 30100K .......... .......... .......... .......... .......... 46% 25.9M 4s
 30150K .......... .......... .......... .......... .......... 46% 28.6M 4s
 30200K .......... .......... .......... .......... .......... 46% 19.4M 4s
 30250K .......... .......... .......... .......... .......... 46% 24.5M 4s
 30300K .......... .......... .......... .......... .......... 46% 17.5M 4s
 30350K .......... .......... .......... .......... .......... 46% 25.4M 4s
 30400K .......... .......... .......... .......... .......... 46% 25.3M 4s
 30450K .......... .......... .......... .......... .......... 46% 24.5M 4s
 30500K .......... .......... .......... .......... .......... 47% 25.1M 4s
 30550K .......... .......... .......... .......... .......... 47% 18.0M 4s
 30600K .......... .......... .......... .......... .......... 47% 23.8M 4s
 30650K .......... .......... .......... .......... .......... 47% 26.0M 4s
 30700K .......... .......... .......... .......... .......... 47% 17.0M 4s
 30750K .......... .......... .......... .......... .......... 47% 25.1M 4s
 30800K .......... .......... .......... .......... .......... 47% 26.0M 4s
 30850K .......... .......... .......... .......... .......... 47% 24.4M 4s
 30900K .......... .......... .......... .......... .......... 47% 26.3M 4s
 30950K .......... .......... .......... .......... .......... 47% 25.1M 4s
 31000K .......... .......... .......... .......... .......... 47% 25.3M 4s
 31050K .......... .......... .......... .......... .......... 47% 17.9M 3s
 31100K .......... .......... .......... .......... .......... 47% 23.6M 3s
 31150K .......... .......... .......... .......... .......... 48% 18.0M 3s
 31200K .......... .......... .......... .......... .......... 48% 24.6M 3s
 31250K .......... .......... .......... .......... .......... 48%  310K 4s
 31300K .......... .......... .......... .......... .......... 48% 16.4M 4s
 31350K .......... .......... .......... .......... .......... 48% 22.0M 4s
 31400K .......... .......... .......... .......... .......... 48% 14.1M 4s
 31450K .......... .......... .......... .......... .......... 48% 19.5M 4s
 31500K .......... .......... .......... .......... .......... 48% 13.3M 4s
 31550K .......... .......... .......... .......... .......... 48% 22.0M 4s
 31600K .......... .......... .......... .......... .......... 48% 10.6M 4s
 31650K .......... .......... .......... .......... .......... 48% 16.0M 4s
 31700K .......... .......... .......... .......... .......... 48% 1.72M 4s
 31750K .......... .......... .......... .......... .......... 48% 37.8M 4s
 31800K .......... .......... .......... .......... .......... 49% 42.1M 4s
 31850K .......... .......... .......... .......... .......... 49% 23.9M 4s
 31900K .......... .......... .......... .......... .......... 49% 33.0M 4s
 31950K .......... .......... .......... .......... .......... 49%  391M 4s
 32000K .......... .......... .......... .......... .......... 49%  393M 4s
 32050K .......... .......... .......... .......... .......... 49%  414M 4s
 32100K .......... .......... .......... .......... .......... 49%  367M 4s
 32150K .......... .......... .......... .......... .......... 49%  411M 4s
 32200K .......... .......... .......... .......... .......... 49%  409M 3s
 32250K .......... .......... .......... .......... .......... 49%  385M 3s
 32300K .......... .......... .......... .......... .......... 49%  321M 3s
 32350K .......... .......... .......... .......... .......... 49%  398M 3s
 32400K .......... .......... .......... .......... .......... 49%  406M 3s
 32450K .......... .......... .......... .......... .......... 50%  403M 3s
 32500K .......... .......... .......... .......... .......... 50%  367M 3s
 32550K .......... .......... .......... .......... .......... 50% 2.34M 3s
 32600K .......... .......... .......... .......... .......... 50% 28.1M 3s
 32650K .......... .......... .......... .......... .......... 50% 27.8M 3s
 32700K .......... .......... .......... .......... .......... 50% 11.8M 3s
 32750K .......... .......... .......... .......... .......... 50% 22.3M 3s
 32800K .......... .......... .......... .......... .......... 50% 36.7M 3s
 32850K .......... .......... .......... .......... .......... 50% 30.5M 3s
 32900K .......... .......... .......... .......... .......... 50% 23.9M 3s
 32950K .......... .......... .......... .......... .......... 50% 24.2M 3s
 33000K .......... .......... .......... .......... .......... 50% 19.1M 3s
 33050K .......... .......... .......... .......... .......... 50% 20.1M 3s
 33100K .......... .......... .......... .......... .......... 51% 18.6M 3s
 33150K .......... .......... .......... .......... .......... 51% 39.0M 3s
 33200K .......... .......... .......... .......... .......... 51% 21.6M 3s
 33250K .......... .......... .......... .......... .......... 51% 24.5M 3s
 33300K .......... .......... .......... .......... .......... 51% 25.6M 3s
 33350K .......... .......... .......... .......... .......... 51% 24.8M 3s
 33400K .......... .......... .......... .......... .......... 51% 23.3M 3s
 33450K .......... .......... .......... .......... .......... 51% 25.5M 3s
 33500K .......... .......... .......... .......... .......... 51% 13.0M 3s
 33550K .......... .......... .......... .......... .......... 51% 55.1M 3s
 33600K .......... .......... .......... .......... .......... 51% 18.0M 3s
 33650K .......... .......... .......... .......... .......... 51% 24.1M 3s
 33700K .......... .......... .......... .......... .......... 51% 27.1M 3s
 33750K .......... .......... .......... .......... .......... 52% 25.3M 3s
 33800K .......... .......... .......... .......... .......... 52% 25.1M 3s
 33850K .......... .......... .......... .......... .......... 52% 25.4M 3s
 33900K .......... .......... .......... .......... .......... 52% 16.8M 3s
 33950K .......... .......... .......... .......... .......... 52% 34.2M 3s
 34000K .......... .......... .......... .......... .......... 52% 16.3M 3s
 34050K .......... .......... .......... .......... .......... 52% 18.7M 3s
 34100K .......... .......... .......... .......... .......... 52% 2.57M 3s
 34150K .......... .......... .......... .......... .......... 52% 66.6M 3s
 34200K .......... .......... .......... .......... .......... 52% 41.6M 3s
 34250K .......... .......... .......... .......... .......... 52% 36.6M 3s
 34300K .......... .......... .......... .......... .......... 52% 1.00M 3s
 34350K .......... .......... .......... .......... .......... 52% 17.8M 3s
 34400K .......... .......... .......... .......... .......... 53% 13.4M 3s
 34450K .......... .......... .......... .......... .......... 53% 14.0M 3s
 34500K .......... .......... .......... .......... .......... 53% 13.3M 3s
 34550K .......... .......... .......... .......... .......... 53% 7.81M 3s
 34600K .......... .......... .......... .......... .......... 53% 13.7M 3s
 34650K .......... .......... .......... .......... .......... 53% 17.1M 3s
 34700K .......... .......... .......... .......... .......... 53% 13.3M 3s
 34750K .......... .......... .......... .......... .......... 53% 12.6M 3s
 34800K .......... .......... .......... .......... .......... 53% 19.1M 3s
 34850K .......... .......... .......... .......... .......... 53% 13.1M 3s
 34900K .......... .......... .......... .......... .......... 53% 17.1M 3s
 34950K .......... .......... .......... .......... .......... 53% 12.7M 3s
 35000K .......... .......... .......... .......... .......... 53% 13.5M 3s
 35050K .......... .......... .......... .......... .......... 54% 17.6M 3s
 35100K .......... .......... .......... .......... .......... 54% 8.89M 3s
 35150K .......... .......... .......... .......... .......... 54% 18.8M 3s
 35200K .......... .......... .......... .......... .......... 54% 13.5M 3s
 35250K .......... .......... .......... .......... .......... 54% 13.5M 3s
 35300K .......... .......... .......... .......... .......... 54% 13.5M 3s
 35350K .......... .......... .......... .......... .......... 54% 13.5M 3s
 35400K .......... .......... .......... .......... .......... 54% 13.5M 3s
 35450K .......... .......... .......... .......... .......... 54% 18.5M 3s
 35500K .......... .......... .......... .......... .......... 54% 9.17M 3s
 35550K .......... .......... .......... .......... .......... 54% 17.7M 3s
 35600K .......... .......... .......... .......... .......... 54% 13.4M 3s
 35650K .......... .......... .......... .......... .......... 54% 13.3M 3s
 35700K .......... .......... .......... .......... .......... 55% 13.8M 3s
 35750K .......... .......... .......... .......... .......... 55% 13.5M 3s
 35800K .......... .......... .......... .......... .......... 55% 14.0M 3s
 35850K .......... .......... .......... .......... .......... 55% 17.4M 3s
 35900K .......... .......... .......... .......... .......... 55% 13.6M 3s
 35950K .......... .......... .......... .......... .......... 55% 13.6M 3s
 36000K .......... .......... .......... .......... .......... 55% 17.9M 3s
 36050K .......... .......... .......... .......... .......... 55% 17.9M 3s
 36100K .......... .......... .......... .......... .......... 55% 17.9M 3s
 36150K .......... .......... .......... .......... .......... 55% 18.1M 3s
 36200K .......... .......... .......... .......... .......... 55% 13.5M 3s
 36250K .......... .......... .......... .......... .......... 55% 17.9M 3s
 36300K .......... .......... .......... .......... .......... 55% 13.7M 3s
 36350K .......... .......... .......... .......... .......... 56% 18.1M 3s
 36400K .......... .......... .......... .......... .......... 56% 13.5M 3s
 36450K .......... .......... .......... .......... .......... 56% 4.62M 3s
 36500K .......... .......... .......... .......... .......... 56% 21.1M 3s
 36550K .......... .......... .......... .......... .......... 56% 13.3M 3s
 36600K .......... .......... .......... .......... .......... 56% 13.6M 3s
 36650K .......... .......... .......... .......... .......... 56% 14.3M 3s
 36700K .......... .......... .......... .......... .......... 56% 5.58M 3s
 36750K .......... .......... .......... .......... .......... 56% 17.6M 3s
 36800K .......... .......... .......... .......... .......... 56% 18.1M 3s
 36850K .......... .......... .......... .......... .......... 56% 17.2M 3s
 36900K .......... .......... .......... .......... .......... 56% 16.9M 3s
 36950K .......... .......... .......... .......... .......... 56% 13.4M 3s
 37000K .......... .......... .......... .......... .......... 57% 24.7M 3s
 37050K .......... .......... .......... .......... .......... 57% 17.6M 3s
 37100K .......... .......... .......... .......... .......... 57% 8.29M 3s
 37150K .......... .......... .......... .......... .......... 57% 14.1M 3s
 37200K .......... .......... .......... .......... .......... 57% 13.6M 3s
 37250K .......... .......... .......... .......... .......... 57% 17.5M 3s
 37300K .......... .......... .......... .......... .......... 57% 16.9M 3s
 37350K .......... .......... .......... .......... .......... 57% 13.8M 3s
 37400K .......... .......... .......... .......... .......... 57% 13.8M 3s
 37450K .......... .......... .......... .......... .......... 57% 12.3M 3s
 37500K .......... .......... .......... .......... .......... 57% 10.2M 3s
 37550K .......... .......... .......... .......... .......... 57% 16.1M 3s
 37600K .......... .......... .......... .......... .......... 57% 18.6M 3s
 37650K .......... .......... .......... .......... .......... 58% 13.4M 3s
 37700K .......... .......... .......... .......... .......... 58% 18.4M 3s
 37750K .......... .......... .......... .......... .......... 58% 13.2M 3s
 37800K .......... .......... .......... .......... .......... 58% 11.1M 3s
 37850K .......... .......... .......... .......... .......... 58% 12.8M 3s
 37900K .......... .......... .......... .......... .......... 58% 11.3M 3s
 37950K .......... .......... .......... .......... .......... 58% 13.8M 3s
 38000K .......... .......... .......... .......... .......... 58% 17.5M 3s
 38050K .......... .......... .......... .......... .......... 58% 13.7M 3s
 38100K .......... .......... .......... .......... .......... 58% 17.8M 3s
 38150K .......... .......... .......... .......... .......... 58% 12.8M 3s
 38200K .......... .......... .......... .......... .......... 58% 20.4M 3s
 38250K .......... .......... .......... .......... .......... 58% 18.0M 3s
 38300K .......... .......... .......... .......... .......... 59% 12.4M 3s
 38350K .......... .......... .......... .......... .......... 59% 17.7M 3s
 38400K .......... .......... .......... .......... .......... 59% 16.8M 3s
 38450K .......... .......... .......... .......... .......... 59% 17.3M 3s
 38500K .......... .......... .......... .......... .......... 59% 17.9M 3s
 38550K .......... .......... .......... .......... .......... 59% 12.5M 3s
 38600K .......... .......... .......... .......... .......... 59% 20.5M 3s
 38650K .......... .......... .......... .......... .......... 59% 4.95M 3s
 38700K .......... .......... .......... .......... .......... 59% 10.1M 3s
 38750K .......... .......... .......... .......... .......... 59% 24.6M 3s
 38800K .......... .......... .......... .......... .......... 59% 13.6M 3s
 38850K .......... .......... .......... .......... .......... 59% 14.2M 3s
 38900K .......... .......... .......... .......... .......... 59% 6.30M 3s
 38950K .......... .......... .......... .......... .......... 60% 20.8M 3s
 39000K .......... .......... .......... .......... .......... 60% 14.2M 3s
 39050K .......... .......... .......... .......... .......... 60% 20.8M 3s
 39100K .......... .......... .......... .......... .......... 60% 14.0M 3s
 39150K .......... .......... .......... .......... .......... 60% 14.2M 3s
 39200K .......... .......... .......... .......... .......... 60% 18.5M 3s
 39250K .......... .......... .......... .......... .......... 60% 18.4M 3s
 39300K .......... .......... .......... .......... .......... 60% 11.1M 3s
 39350K .......... .......... .......... .......... .......... 60% 15.4M 3s
 39400K .......... .......... .......... .......... .......... 60% 21.7M 3s
 39450K .......... .......... .......... .......... .......... 60% 13.5M 3s
 39500K .......... .......... .......... .......... .......... 60% 10.4M 3s
 39550K .......... .......... .......... .......... .......... 60% 11.2M 3s
 39600K .......... .......... .......... .......... .......... 61% 17.9M 3s
 39650K .......... .......... .......... .......... .......... 61% 10.7M 3s
 39700K .......... .......... .......... .......... .......... 61% 15.9M 3s
 39750K .......... .......... .......... .......... .......... 61% 17.8M 3s
 39800K .......... .......... .......... .......... .......... 61% 12.2M 3s
 39850K .......... .......... .......... .......... .......... 61% 13.2M 3s
 39900K .......... .......... .......... .......... .......... 61% 11.2M 2s
 39950K .......... .......... .......... .......... .......... 61% 20.9M 2s
 40000K .......... .......... .......... .......... .......... 61% 12.0M 2s
 40050K .......... .......... .......... .......... .......... 61% 13.0M 2s
 40100K .......... .......... .......... .......... .......... 61% 14.2M 2s
 40150K .......... .......... .......... .......... .......... 61% 22.5M 2s
 40200K .......... .......... .......... .......... .......... 61% 13.2M 2s
 40250K .......... .......... .......... .......... .......... 62% 16.8M 2s
 40300K .......... .......... .......... .......... .......... 62% 10.4M 2s
 40350K .......... .......... .......... .......... .......... 62% 13.7M 2s
 40400K .......... .......... .......... .......... .......... 62% 22.7M 2s
 40450K .......... .......... .......... .......... .......... 62% 17.1M 2s
 40500K .......... .......... .......... .......... .......... 62% 18.2M 2s
 40550K .......... .......... .......... .......... .......... 62% 16.4M 2s
 40600K .......... .......... .......... .......... .......... 62% 17.4M 2s
 40650K .......... .......... .......... .......... .......... 62% 16.7M 2s
 40700K .......... .......... .......... .......... .......... 62% 12.4M 2s
 40750K .......... .......... .......... .......... .......... 62% 16.5M 2s
 40800K .......... .......... .......... .......... .......... 62% 19.6M 2s
 40850K .......... .......... .......... .......... .......... 62% 14.1M 2s
 40900K .......... .......... .......... .......... .......... 63% 5.24M 2s
 40950K .......... .......... .......... .......... .......... 63% 12.7M 2s
 41000K .......... .......... .......... .......... .......... 63% 15.2M 2s
 41050K .......... .......... .......... .......... .......... 63% 16.5M 2s
 41100K .......... .......... .......... .......... .......... 63% 12.3M 2s
 41150K .......... .......... .......... .......... .......... 63% 6.87M 2s
 41200K .......... .......... .......... .......... .......... 63% 14.0M 2s
 41250K .......... .......... .......... .......... .......... 63% 18.5M 2s
 41300K .......... .......... .......... .......... .......... 63% 18.8M 2s
 41350K .......... .......... .......... .......... .......... 63% 15.8M 2s
 41400K .......... .......... .......... .......... .......... 63% 13.3M 2s
 41450K .......... .......... .......... .......... .......... 63% 20.0M 2s
 41500K .......... .......... .......... .......... .......... 63% 9.13M 2s
 41550K .......... .......... .......... .......... .......... 64% 20.0M 2s
 41600K .......... .......... .......... .......... .......... 64% 18.7M 2s
 41650K .......... .......... .......... .......... .......... 64% 15.5M 2s
 41700K .......... .......... .......... .......... .......... 64% 17.8M 2s
 41750K .......... .......... .......... .......... .......... 64%  307K 2s
 41800K .......... .......... .......... .......... .......... 64%  155M 2s
 41850K .......... .......... .......... .......... .......... 64% 6.72M 2s
 41900K .......... .......... .......... .......... .......... 64% 11.0M 2s
 41950K .......... .......... .......... .......... .......... 64%  167M 2s
 42000K .......... .......... .......... .......... .......... 64% 11.4M 2s
 42050K .......... .......... .......... .......... .......... 64% 24.1M 2s
 42100K .......... .......... .......... .......... .......... 64% 10.7M 2s
 42150K .......... .......... .......... .......... .......... 64% 11.7M 2s
 42200K .......... .......... .......... .......... .......... 65% 10.7M 2s
 42250K .......... .......... .......... .......... .......... 65% 57.9M 2s
 42300K .......... .......... .......... .......... .......... 65% 2.63M 2s
 42350K .......... .......... .......... .......... .......... 65% 64.3M 2s
 42400K .......... .......... .......... .......... .......... 65% 99.0M 2s
 42450K .......... .......... .......... .......... .......... 65% 76.4M 2s
 42500K .......... .......... .......... .......... .......... 65% 17.8M 2s
 42550K .......... .......... .......... .......... .......... 65%  149M 2s
 42600K .......... .......... .......... .......... .......... 65% 14.3M 2s
 42650K .......... .......... .......... .......... .......... 65% 34.1M 2s
 42700K .......... .......... .......... .......... .......... 65% 17.1M 2s
 42750K .......... .......... .......... .......... .......... 65% 11.6M 2s
 42800K .......... .......... .......... .......... .......... 65% 20.3M 2s
 42850K .......... .......... .......... .......... .......... 66% 16.0M 2s
 42900K .......... .......... .......... .......... .......... 66% 15.6M 2s
 42950K .......... .......... .......... .......... .......... 66% 21.9M 2s
 43000K .......... .......... .......... .......... .......... 66% 10.9M 2s
 43050K .......... .......... .......... .......... .......... 66% 26.3M 2s
 43100K .......... .......... .......... .......... .......... 66% 5.33M 2s
 43150K .......... .......... .......... .......... .......... 66%  181M 2s
 43200K .......... .......... .......... .......... .......... 66%  182M 2s
 43250K .......... .......... .......... .......... .......... 66%  178M 2s
 43300K .......... .......... .......... .......... .......... 66%  166M 2s
 43350K .......... .......... .......... .......... .......... 66%  175M 2s
 43400K .......... .......... .......... .......... .......... 66%  188M 2s
 43450K .......... .......... .......... .......... .......... 66%  152M 2s
 43500K .......... .......... .......... .......... .......... 67%  138M 2s
 43550K .......... .......... .......... .......... .......... 67%  190M 2s
 43600K .......... .......... .......... .......... .......... 67% 1.43M 2s
 43650K .......... .......... .......... .......... .......... 67% 15.0M 2s
 43700K .......... .......... .......... .......... .......... 67% 29.7M 2s
 43750K .......... .......... .......... .......... .......... 67% 10.1M 2s
 43800K .......... .......... .......... .......... .......... 67%  208M 2s
 43850K .......... .......... .......... .......... .......... 67% 8.11M 2s
 43900K .......... .......... .......... .......... .......... 67% 22.7M 2s
 43950K .......... .......... .......... .......... .......... 67% 19.1M 2s
 44000K .......... .......... .......... .......... .......... 67%  239M 2s
 44050K .......... .......... .......... .......... .......... 67%  268M 2s
 44100K .......... .......... .......... .......... .......... 67%  239M 2s
 44150K .......... .......... .......... .......... .......... 68%  287M 2s
 44200K .......... .......... .......... .......... .......... 68%  340M 2s
 44250K .......... .......... .......... .......... .......... 68%  323M 2s
 44300K .......... .......... .......... .......... .......... 68%  290M 2s
 44350K .......... .......... .......... .......... .......... 68%  341M 2s
 44400K .......... .......... .......... .......... .......... 68%  331M 2s
 44450K .......... .......... .......... .......... .......... 68%  346M 2s
 44500K .......... .......... .......... .......... .......... 68%  289M 2s
 44550K .......... .......... .......... .......... .......... 68%  338M 2s
 44600K .......... .......... .......... .......... .......... 68%  335M 2s
 44650K .......... .......... .......... .......... .......... 68%  343M 2s
 44700K .......... .......... .......... .......... .......... 68%  294M 2s
 44750K .......... .......... .......... .......... .......... 68%  319M 2s
 44800K .......... .......... .......... .......... .......... 69%  734K 2s
 44850K .......... .......... .......... .......... .......... 69% 11.6M 2s
 44900K .......... .......... .......... .......... .......... 69% 16.8M 2s
 44950K .......... .......... .......... .......... .......... 69% 16.5M 2s
 45000K .......... .......... .......... .......... .......... 69% 18.1M 2s
 45050K .......... .......... .......... .......... .......... 69% 17.1M 2s
 45100K .......... .......... .......... .......... .......... 69% 10.6M 2s
 45150K .......... .......... .......... .......... .......... 69% 16.4M 2s
 45200K .......... .......... .......... .......... .......... 69% 17.6M 2s
 45250K .......... .......... .......... .......... .......... 69% 17.3M 2s
 45300K .......... .......... .......... .......... .......... 69% 16.4M 2s
 45350K .......... .......... .......... .......... .......... 69% 13.5M 2s
 45400K .......... .......... .......... .......... .......... 69% 13.1M 2s
 45450K .......... .......... .......... .......... .......... 70% 13.6M 2s
 45500K .......... .......... .......... .......... .......... 70% 13.0M 2s
 45550K .......... .......... .......... .......... .......... 70% 13.0M 2s
 45600K .......... .......... .......... .......... .......... 70% 17.4M 2s
 45650K .......... .......... .......... .......... .......... 70% 12.8M 2s
 45700K .......... .......... .......... .......... .......... 70% 16.9M 2s
 45750K .......... .......... .......... .......... .......... 70% 17.5M 2s
 45800K .......... .......... .......... .......... .......... 70% 17.3M 2s
 45850K .......... .......... .......... .......... .......... 70% 17.8M 2s
 45900K .......... .......... .......... .......... .......... 70% 12.7M 2s
 45950K .......... .......... .......... .......... .......... 70% 17.1M 2s
 46000K .......... .......... .......... .......... .......... 70% 16.2M 2s
 46050K .......... .......... .......... .......... .......... 70% 16.9M 2s
 46100K .......... .......... .......... .......... .......... 71% 17.6M 2s
 46150K .......... .......... .......... .......... .......... 71% 16.8M 2s
 46200K .......... .......... .......... .......... .......... 71% 17.4M 2s
 46250K .......... .......... .......... .......... .......... 71% 10.5M 2s
 46300K .......... .......... .......... .......... .......... 71% 10.0M 2s
 46350K .......... .......... .......... .......... .......... 71%  881K 2s
 46400K .......... .......... .......... .......... .......... 71% 10.4M 2s
 46450K .......... .......... .......... .......... .......... 71% 12.0M 2s
 46500K .......... .......... .......... .......... .......... 71% 12.1M 2s
 46550K .......... .......... .......... .......... .......... 71% 12.6M 2s
 46600K .......... .......... .......... .......... .......... 71% 13.5M 2s
 46650K .......... .......... .......... .......... .......... 71% 14.2M 2s
 46700K .......... .......... .......... .......... .......... 71% 8.84M 2s
 46750K .......... .......... .......... .......... .......... 72% 13.0M 2s
 46800K .......... .......... .......... .......... .......... 72% 10.4M 2s
 46850K .......... .......... .......... .......... .......... 72% 13.3M 2s
 46900K .......... .......... .......... .......... .......... 72% 13.0M 2s
 46950K .......... .......... .......... .......... .......... 72% 13.3M 2s
 47000K .......... .......... .......... .......... .......... 72% 10.6M 2s
 47050K .......... .......... .......... .......... .......... 72% 13.1M 2s
 47100K .......... .......... .......... .......... .......... 72% 8.85M 2s
 47150K .......... .......... .......... .......... .......... 72% 13.2M 2s
 47200K .......... .......... .......... .......... .......... 72% 13.2M 2s
 47250K .......... .......... .......... .......... .......... 72% 13.3M 2s
 47300K .......... .......... .......... .......... .......... 72% 10.3M 2s
 47350K .......... .......... .......... .......... .......... 72% 13.1M 2s
 47400K .......... .......... .......... .......... .......... 73% 12.7M 2s
 47450K .......... .......... .......... .......... .......... 73% 12.7M 2s
 47500K .......... .......... .......... .......... .......... 73% 9.44M 2s
 47550K .......... .......... .......... .......... .......... 73% 13.4M 2s
 47600K .......... .......... .......... .......... .......... 73% 10.4M 2s
 47650K .......... .......... .......... .......... .......... 73% 13.6M 2s
 47700K .......... .......... .......... .......... .......... 73% 13.2M 2s
 47750K .......... .......... .......... .......... .......... 73% 13.1M 2s
 47800K .......... .......... .......... .......... .......... 73% 10.6M 2s
 47850K .......... .......... .......... .......... .......... 73% 13.0M 2s
 47900K .......... .......... .......... .......... .......... 73% 8.93M 2s
 47950K .......... .......... .......... .......... .......... 73% 1.65M 2s
 48000K .......... .......... .......... .......... .......... 73% 12.6M 2s
 48050K .......... .......... .......... .......... .......... 74% 11.9M 2s
 48100K .......... .......... .......... .......... .......... 74% 11.0M 2s
 48150K .......... .......... .......... .......... .......... 74% 13.3M 2s
 48200K .......... .......... .......... .......... .......... 74% 10.7M 2s
 48250K .......... .......... .......... .......... .......... 74% 11.0M 2s
 48300K .......... .......... .......... .......... .......... 74% 10.4M 2s
 48350K .......... .......... .......... .......... .......... 74% 13.2M 2s
 48400K .......... .......... .......... .......... .......... 74% 10.8M 2s
 48450K .......... .......... .......... .......... .......... 74% 13.1M 2s
 48500K .......... .......... .......... .......... .......... 74% 14.4M 2s
 48550K .......... .......... .......... .......... .......... 74% 10.9M 2s
 48600K .......... .......... .......... .......... .......... 74% 13.3M 2s
 48650K .......... .......... .......... .......... .......... 74% 13.2M 2s
 48700K .......... .......... .......... .......... .......... 75% 8.91M 2s
 48750K .......... .......... .......... .......... .......... 75% 13.5M 2s
 48800K .......... .......... .......... .......... .......... 75% 13.4M 2s
 48850K .......... .......... .......... .......... .......... 75% 10.8M 2s
 48900K .......... .......... .......... .......... .......... 75% 13.0M 2s
 48950K .......... .......... .......... .......... .......... 75% 12.8M 2s
 49000K .......... .......... .......... .......... .......... 75% 11.6M 2s
 49050K .......... .......... .......... .......... .......... 75% 14.6M 2s
 49100K .......... .......... .......... .......... .......... 75% 8.92M 2s
 49150K .......... .......... .......... .......... .......... 75% 13.2M 2s
 49200K .......... .......... .......... .......... .......... 75% 13.0M 2s
 49250K .......... .......... .......... .......... .......... 75% 11.1M 2s
 49300K .......... .......... .......... .......... .......... 75% 13.2M 2s
 49350K .......... .......... .......... .......... .......... 76% 13.5M 2s
 49400K .......... .......... .......... .......... .......... 76% 10.8M 2s
 49450K .......... .......... .......... .......... .......... 76% 13.1M 2s
 49500K .......... .......... .......... .......... .......... 76% 9.54M 2s
 49550K .......... .......... .......... .......... .......... 76% 1.71M 2s
 49600K .......... .......... .......... .......... .......... 76% 15.7M 2s
 49650K .......... .......... .......... .......... .......... 76% 12.1M 2s
 49700K .......... .......... .......... .......... .......... 76% 10.2M 2s
 49750K .......... .......... .......... .......... .......... 76% 14.3M 2s
 49800K .......... .......... .......... .......... .......... 76% 10.2M 2s
 49850K .......... .......... .......... .......... .......... 76% 13.1M 2s
 49900K .......... .......... .......... .......... .......... 76% 8.97M 2s
 49950K .......... .......... .......... .......... .......... 76% 13.6M 1s
 50000K .......... .......... .......... .......... .......... 77% 13.0M 1s
 50050K .......... .......... .......... .......... .......... 77% 10.8M 1s
 50100K .......... .......... .......... .......... .......... 77% 13.3M 1s
 50150K .......... .......... .......... .......... .......... 77% 13.9M 1s
 50200K .......... .......... .......... .......... .......... 77% 10.8M 1s
 50250K .......... .......... .......... .......... .......... 77% 13.8M 1s
 50300K .......... .......... .......... .......... .......... 77% 8.16M 1s
 50350K .......... .......... .......... .......... .......... 77% 16.3M 1s
 50400K .......... .......... .......... .......... .......... 77% 11.0M 1s
 50450K .......... .......... .......... .......... .......... 77% 15.0M 1s
 50500K .......... .......... .......... .......... .......... 77% 13.3M 1s
 50550K .......... .......... .......... .......... .......... 77% 10.4M 1s
 50600K .......... .......... .......... .......... .......... 77% 13.4M 1s
 50650K .......... .......... .......... .......... .......... 78% 13.8M 1s
 50700K .......... .......... .......... .......... .......... 78% 6.50M 1s
 50750K .......... .......... .......... .......... .......... 78% 35.3M 1s
 50800K .......... .......... .......... .......... .......... 78% 2.27M 1s
 50850K .......... .......... .......... .......... .......... 78% 12.0M 1s
 50900K .......... .......... .......... .......... .......... 78% 13.8M 1s
 50950K .......... .......... .......... .......... .......... 78% 13.5M 1s
 51000K .......... .......... .......... .......... .......... 78% 11.0M 1s
 51050K .......... .......... .......... .......... .......... 78% 13.6M 1s
 51100K .......... .......... .......... .......... .......... 78% 9.12M 1s
 51150K .......... .......... .......... .......... .......... 78% 13.4M 1s
 51200K .......... .......... .......... .......... .......... 78% 4.44M 1s
 51250K .......... .......... .......... .......... .......... 78% 12.7M 1s
 51300K .......... .......... .......... .......... .......... 79% 16.1M 1s
 51350K .......... .......... .......... .......... .......... 79% 10.9M 1s
 51400K .......... .......... .......... .......... .......... 79% 13.6M 1s
 51450K .......... .......... .......... .......... .......... 79% 10.5M 1s
 51500K .......... .......... .......... .......... .......... 79% 8.32M 1s
 51550K .......... .......... .......... .......... .......... 79% 14.2M 1s
 51600K .......... .......... .......... .......... .......... 79% 13.6M 1s
 51650K .......... .......... .......... .......... .......... 79% 13.6M 1s
 51700K .......... .......... .......... .......... .......... 79% 10.7M 1s
 51750K .......... .......... .......... .......... .......... 79% 11.2M 1s
 51800K .......... .......... .......... .......... .......... 79% 15.4M 1s
 51850K .......... .......... .......... .......... .......... 79% 13.4M 1s
 51900K .......... .......... .......... .......... .......... 79% 8.86M 1s
 51950K .......... .......... .......... .......... .......... 80% 12.6M 1s
 52000K .......... .......... .......... .......... .......... 80% 13.1M 1s
 52050K .......... .......... .......... .......... .......... 80% 11.9M 1s
 52100K .......... .......... .......... .......... .......... 80% 14.7M 1s
 52150K .......... .......... .......... .......... .......... 80% 11.8M 1s
 52200K .......... .......... .......... .......... .......... 80% 13.7M 1s
 52250K .......... .......... .......... .......... .......... 80% 13.6M 1s
 52300K .......... .......... .......... .......... .......... 80% 8.92M 1s
 52350K .......... .......... .......... .......... .......... 80% 8.52M 1s
 52400K .......... .......... .......... .......... .......... 80% 15.9M 1s
 52450K .......... .......... .......... .......... .......... 80% 2.46M 1s
 52500K .......... .......... .......... .......... .......... 80% 10.4M 1s
 52550K .......... .......... .......... .......... .......... 80% 16.3M 1s
 52600K .......... .......... .......... .......... .......... 81% 13.7M 1s
 52650K .......... .......... .......... .......... .......... 81% 11.4M 1s
 52700K .......... .......... .......... .......... .......... 81% 10.4M 1s
 52750K .......... .......... .......... .......... .......... 81% 13.7M 1s
 52800K .......... .......... .......... .......... .......... 81% 11.0M 1s
 52850K .......... .......... .......... .......... .......... 81% 4.48M 1s
 52900K .......... .......... .......... .......... .......... 81% 11.9M 1s
 52950K .......... .......... .......... .......... .......... 81% 16.6M 1s
 53000K .......... .......... .......... .......... .......... 81% 12.5M 1s
 53050K .......... .......... .......... .......... .......... 81% 11.3M 1s
 53100K .......... .......... .......... .......... .......... 81% 9.03M 1s
 53150K .......... .......... .......... .......... .......... 81% 12.1M 1s
 53200K .......... .......... .......... .......... .......... 81% 10.6M 1s
 53250K .......... .......... .......... .......... .......... 82% 13.3M 1s
 53300K .......... .......... .......... .......... .......... 82% 15.0M 1s
 53350K .......... .......... .......... .......... .......... 82% 11.0M 1s
 53400K .......... .......... .......... .......... .......... 82% 14.1M 1s
 53450K .......... .......... .......... .......... .......... 82% 12.2M 1s
 53500K .......... .......... .......... .......... .......... 82% 9.65M 1s
 53550K .......... .......... .......... .......... .......... 82% 13.8M 1s
 53600K .......... .......... .......... .......... .......... 82% 12.9M 1s
 53650K .......... .......... .......... .......... .......... 82% 11.1M 1s
 53700K .......... .......... .......... .......... .......... 82% 14.0M 1s
 53750K .......... .......... .......... .......... .......... 82% 13.9M 1s
 53800K .......... .......... .......... .......... .......... 82% 11.3M 1s
 53850K .......... .......... .......... .......... .......... 82% 13.2M 1s
 53900K .......... .......... .......... .......... .......... 83% 11.2M 1s
 53950K .......... .......... .......... .......... .......... 83% 11.0M 1s
 54000K .......... .......... .......... .......... .......... 83% 12.9M 1s
 54050K .......... .......... .......... .......... .......... 83% 8.51M 1s
 54100K .......... .......... .......... .......... .......... 83% 13.9M 1s
 54150K .......... .......... .......... .......... .......... 83% 2.59M 1s
 54200K .......... .......... .......... .......... .......... 83% 11.3M 1s
 54250K .......... .......... .......... .......... .......... 83% 13.5M 1s
 54300K .......... .......... .......... .......... .......... 83% 10.3M 1s
 54350K .......... .......... .......... .......... .......... 83% 12.0M 1s
 54400K .......... .......... .......... .......... .......... 83% 14.1M 1s
 54450K .......... .......... .......... .......... .......... 83% 12.0M 1s
 54500K .......... .......... .......... .......... .......... 83% 4.70M 1s
 54550K .......... .......... .......... .......... .......... 84% 14.0M 1s
 54600K .......... .......... .......... .......... .......... 84% 10.7M 1s
 54650K .......... .......... .......... .......... .......... 84% 13.1M 1s
 54700K .......... .......... .......... .......... .......... 84% 9.68M 1s
 54750K .......... .......... .......... .......... .......... 84% 10.4M 1s
 54800K .......... .......... .......... .......... .......... 84% 12.4M 1s
 54850K .......... .......... .......... .......... .......... 84% 13.6M 1s
 54900K .......... .......... .......... .......... .......... 84% 12.9M 1s
 54950K .......... .......... .......... .......... .......... 84% 12.8M 1s
 55000K .......... .......... .......... .......... .......... 84% 12.1M 1s
 55050K .......... .......... .......... .......... .......... 84% 13.7M 1s
 55100K .......... .......... .......... .......... .......... 84% 8.97M 1s
 55150K .......... .......... .......... .......... .......... 84% 14.6M 1s
 55200K .......... .......... .......... .......... .......... 85% 12.5M 1s
 55250K .......... .......... .......... .......... .......... 85% 13.6M 1s
 55300K .......... .......... .......... .......... .......... 85% 10.3M 1s
 55350K .......... .......... .......... .......... .......... 85% 15.6M 1s
 55400K .......... .......... .......... .......... .......... 85% 11.9M 1s
 55450K .......... .......... .......... .......... .......... 85% 11.4M 1s
 55500K .......... .......... .......... .......... .......... 85% 9.44M 1s
 55550K .......... .......... .......... .......... .......... 85% 13.2M 1s
 55600K .......... .......... .......... .......... .......... 85% 14.7M 1s
 55650K .......... .......... .......... .......... .......... 85% 12.9M 1s
 55700K .......... .......... .......... .......... .......... 85% 10.3M 1s
 55750K .......... .......... .......... .......... .......... 85% 12.1M 1s
 55800K .......... .......... .......... .......... .......... 85% 2.62M 1s
 55850K .......... .......... .......... .......... .......... 86% 10.6M 1s
 55900K .......... .......... .......... .......... .......... 86% 10.1M 1s
 55950K .......... .......... .......... .......... .......... 86% 14.4M 1s
 56000K .......... .......... .......... .......... .......... 86% 12.0M 1s
 56050K .......... .......... .......... .......... .......... 86% 14.7M 1s
 56100K .......... .......... .......... .......... .......... 86% 12.5M 1s
 56150K .......... .......... .......... .......... .......... 86% 9.67M 1s
 56200K .......... .......... .......... .......... .......... 86% 5.40M 1s
 56250K .......... .......... .......... .......... .......... 86% 11.2M 1s
 56300K .......... .......... .......... .......... .......... 86% 9.57M 1s
 56350K .......... .......... .......... .......... .......... 86% 12.7M 1s
 56400K .......... .......... .......... .......... .......... 86% 16.5M 1s
 56450K .......... .......... .......... .......... .......... 86% 9.34M 1s
 56500K .......... .......... .......... .......... .......... 87% 12.4M 1s
 56550K .......... .......... .......... .......... .......... 87% 11.4M 1s
 56600K .......... .......... .......... .......... .......... 87% 13.1M 1s
 56650K .......... .......... .......... .......... .......... 87% 13.2M 1s
 56700K .......... .......... .......... .......... .......... 87% 9.66M 1s
 56750K .......... .......... .......... .......... .......... 87% 18.7M 1s
 56800K .......... .......... .......... .......... .......... 87% 11.5M 1s
 56850K .......... .......... .......... .......... .......... 87% 13.5M 1s
 56900K .......... .......... .......... .......... .......... 87% 12.8M 1s
 56950K .......... .......... .......... .......... .......... 87% 12.6M 1s
 57000K .......... .......... .......... .......... .......... 87% 8.97M 1s
 57050K .......... .......... .......... .......... .......... 87% 18.5M 1s
 57100K .......... .......... .......... .......... .......... 87% 8.31M 1s
 57150K .......... .......... .......... .......... .......... 88% 18.0M 1s
 57200K .......... .......... .......... .......... .......... 88% 12.9M 1s
 57250K .......... .......... .......... .......... .......... 88% 12.1M 1s
 57300K .......... .......... .......... .......... .......... 88% 12.9M 1s
 57350K .......... .......... .......... .......... .......... 88% 12.7M 1s
 57400K .......... .......... .......... .......... .......... 88% 9.52M 1s
 57450K .......... .......... .......... .......... .......... 88% 16.0M 1s
 57500K .......... .......... .......... .......... .......... 88% 2.44M 1s
 57550K .......... .......... .......... .......... .......... 88% 13.5M 1s
 57600K .......... .......... .......... .......... .......... 88% 12.7M 1s
 57650K .......... .......... .......... .......... .......... 88% 12.2M 1s
 57700K .......... .......... .......... .......... .......... 88% 11.7M 1s
 57750K .......... .......... .......... .......... .......... 88% 13.5M 1s
 57800K .......... .......... .......... .......... .......... 89% 16.5M 1s
 57850K .......... .......... .......... .......... .......... 89% 9.50M 1s
 57900K .......... .......... .......... .......... .......... 89% 4.48M 1s
 57950K .......... .......... .......... .......... .......... 89% 12.5M 1s
 58000K .......... .......... .......... .......... .......... 89% 12.7M 1s
 58050K .......... .......... .......... .......... .......... 89% 13.5M 1s
 58100K .......... .......... .......... .......... .......... 89% 12.7M 1s
 58150K .......... .......... .......... .......... .......... 89% 9.10M 1s
 58200K .......... .......... .......... .......... .......... 89% 16.4M 1s
 58250K .......... .......... .......... .......... .......... 89% 11.1M 1s
 58300K .......... .......... .......... .......... .......... 89% 11.2M 1s
 58350K .......... .......... .......... .......... .......... 89% 12.6M 1s
 58400K .......... .......... .......... .......... .......... 89% 11.3M 1s
 58450K .......... .......... .......... .......... .......... 90% 13.7M 1s
 58500K .......... .......... .......... .......... .......... 90% 11.2M 1s
 58550K .......... .......... .......... .......... .......... 90% 14.9M 1s
 58600K .......... .......... .......... .......... .......... 90% 16.8M 1s
 58650K .......... .......... .......... .......... .......... 90% 13.4M 1s
 58700K .......... .......... .......... .......... .......... 90% 8.25M 1s
 58750K .......... .......... .......... .......... .......... 90% 14.7M 1s
 58800K .......... .......... .......... .......... .......... 90% 12.7M 1s
 58850K .......... .......... .......... .......... .......... 90% 2.28M 1s
 58900K .......... .......... .......... .......... .......... 90% 13.7M 1s
 58950K .......... .......... .......... .......... .......... 90% 13.3M 1s
 59000K .......... .......... .......... .......... .......... 90% 12.9M 1s
 59050K .......... .......... .......... .......... .......... 90% 12.6M 1s
 59100K .......... .......... .......... .......... .......... 91% 10.0M 1s
 59150K .......... .......... .......... .......... .......... 91% 12.8M 1s
 59200K .......... .......... .......... .......... .......... 91% 12.6M 1s
 59250K .......... .......... .......... .......... .......... 91% 10.9M 1s
 59300K .......... .......... .......... .......... .......... 91% 20.1M 1s
 59350K .......... .......... .......... .......... .......... 91% 13.3M 1s
 59400K .......... .......... .......... .......... .......... 91% 12.6M 1s
 59450K .......... .......... .......... .......... .......... 91% 12.7M 1s
 59500K .......... .......... .......... .......... .......... 91% 10.2M 1s
 59550K .......... .......... .......... .......... .......... 91% 13.0M 1s
 59600K .......... .......... .......... .......... .......... 91% 5.50M 1s
 59650K .......... .......... .......... .......... .......... 91% 10.2M 1s
 59700K .......... .......... .......... .......... .......... 91% 12.3M 1s
 59750K .......... .......... .......... .......... .......... 92% 13.6M 1s
 59800K .......... .......... .......... .......... .......... 92% 12.8M 1s
 59850K .......... .......... .......... .......... .......... 92% 13.4M 1s
 59900K .......... .......... .......... .......... .......... 92% 8.70M 0s
 59950K .......... .......... .......... .......... .......... 92% 13.8M 0s
 60000K .......... .......... .......... .......... .......... 92% 11.4M 0s
 60050K .......... .......... .......... .......... .......... 92% 12.5M 0s
 60100K .......... .......... .......... .......... .......... 92% 12.3M 0s
 60150K .......... .......... .......... .......... .......... 92% 16.5M 0s
 60200K .......... .......... .......... .......... .......... 92% 10.8M 0s
 60250K .......... .......... .......... .......... .......... 92% 15.1M 0s
 60300K .......... .......... .......... .......... .......... 92% 10.4M 0s
 60350K .......... .......... .......... .......... .......... 92% 12.7M 0s
 60400K .......... .......... .......... .......... .......... 93% 12.8M 0s
 60450K .......... .......... .......... .......... .......... 93% 12.9M 0s
 60500K .......... .......... .......... .......... .......... 93% 15.9M 0s
 60550K .......... .......... .......... .......... .......... 93% 2.29M 0s
 60600K .......... .......... .......... .......... .......... 93% 10.3M 0s
 60650K .......... .......... .......... .......... .......... 93% 14.4M 0s
 60700K .......... .......... .......... .......... .......... 93% 10.2M 0s
 60750K .......... .......... .......... .......... .......... 93% 12.9M 0s
 60800K .......... .......... .......... .......... .......... 93% 13.2M 0s
 60850K .......... .......... .......... .......... .......... 93% 16.1M 0s
 60900K .......... .......... .......... .......... .......... 93% 12.5M 0s
 60950K .......... .......... .......... .......... .......... 93% 13.0M 0s
 61000K .......... .......... .......... .......... .......... 93% 12.6M 0s
 61050K .......... .......... .......... .......... .......... 94% 12.8M 0s
 61100K .......... .......... .......... .......... .......... 94% 10.0M 0s
 61150K .......... .......... .......... .......... .......... 94% 13.3M 0s
 61200K .......... .......... .......... .......... .......... 94% 12.6M 0s
 61250K .......... .......... .......... .......... .......... 94% 16.5M 0s
 61300K .......... .......... .......... .......... .......... 94% 5.38M 0s
 61350K .......... .......... .......... .......... .......... 94% 12.2M 0s
 61400K .......... .......... .......... .......... .......... 94% 10.1M 0s
 61450K .......... .......... .......... .......... .......... 94% 14.7M 0s
 61500K .......... .......... .......... .......... .......... 94% 9.94M 0s
 61550K .......... .......... .......... .......... .......... 94% 11.9M 0s
 61600K .......... .......... .......... .......... .......... 94% 13.1M 0s
 61650K .......... .......... .......... .......... .......... 94% 13.6M 0s
 61700K .......... .......... .......... .......... .......... 95% 12.4M 0s
 61750K .......... .......... .......... .......... .......... 95% 11.6M 0s
 61800K .......... .......... .......... .......... .......... 95% 13.0M 0s
 61850K .......... .......... .......... .......... .......... 95% 12.5M 0s
 61900K .......... .......... .......... .......... .......... 95% 8.43M 0s
 61950K .......... .......... .......... .......... .......... 95% 9.46M 0s
 62000K .......... .......... .......... .......... .......... 95% 26.6M 0s
 62050K .......... .......... .......... .......... .......... 95% 17.3M 0s
 62100K .......... .......... .......... .......... .......... 95% 12.9M 0s
 62150K .......... .......... .......... .......... .......... 95% 12.9M 0s
 62200K .......... .......... .......... .......... .......... 95% 12.7M 0s
 62250K .......... .......... .......... .......... .......... 95% 13.0M 0s
 62300K .......... .......... .......... .......... .......... 95% 2.19M 0s
 62350K .......... .......... .......... .......... .......... 96% 16.5M 0s
 62400K .......... .......... .......... .......... .......... 96% 13.1M 0s
 62450K .......... .......... .......... .......... .......... 96% 12.9M 0s
 62500K .......... .......... .......... .......... .......... 96% 12.8M 0s
 62550K .......... .......... .......... .......... .......... 96% 12.9M 0s
 62600K .......... .......... .......... .......... .......... 96% 13.2M 0s
 62650K .......... .......... .......... .......... .......... 96% 16.3M 0s
 62700K .......... .......... .......... .......... .......... 96% 10.1M 0s
 62750K .......... .......... .......... .......... .......... 96% 13.4M 0s
 62800K .......... .......... .......... .......... .......... 96% 12.2M 0s
 62850K .......... .......... .......... .......... .......... 96% 12.8M 0s
 62900K .......... .......... .......... .......... .......... 96% 13.2M 0s
 62950K .......... .......... .......... .......... .......... 96% 12.8M 0s
 63000K .......... .......... .......... .......... .......... 97% 15.8M 0s
 63050K .......... .......... .......... .......... .......... 97% 5.89M 0s
 63100K .......... .......... .......... .......... .......... 97% 8.30M 0s
 63150K .......... .......... .......... .......... .......... 97% 12.8M 0s
 63200K .......... .......... .......... .......... .......... 97% 12.0M 0s
 63250K .......... .......... .......... .......... .......... 97% 13.9M 0s
 63300K .......... .......... .......... .......... .......... 97% 11.4M 0s
 63350K .......... .......... .......... .......... .......... 97% 14.0M 0s
 63400K .......... .......... .......... .......... .......... 97% 11.3M 0s
 63450K .......... .......... .......... .......... .......... 97% 10.4M 0s
 63500K .......... .......... .......... .......... .......... 97% 10.1M 0s
 63550K .......... .......... .......... .......... .......... 97% 11.8M 0s
 63600K .......... .......... .......... .......... .......... 97% 18.2M 0s
 63650K .......... .......... .......... .......... .......... 98% 11.1M 0s
 63700K .......... .......... .......... .......... .......... 98% 9.51M 0s
 63750K .......... .......... .......... .......... .......... 98% 12.9M 0s
 63800K .......... .......... .......... .......... .......... 98% 12.9M 0s
 63850K .......... .......... .......... .......... .......... 98% 13.2M 0s
 63900K .......... .......... .......... .......... .......... 98% 10.1M 0s
 63950K .......... .......... .......... .......... .......... 98% 17.8M 0s
 64000K .......... .......... .......... .......... .......... 98% 13.0M 0s
 64050K .......... .......... .......... .......... .......... 98% 2.47M 0s
 64100K .......... .......... .......... .......... .......... 98% 13.6M 0s
 64150K .......... .......... .......... .......... .......... 98% 16.8M 0s
 64200K .......... .......... .......... .......... .......... 98% 12.9M 0s
 64250K .......... .......... .......... .......... .......... 98% 13.0M 0s
 64300K .......... .......... .......... .......... .......... 99% 10.5M 0s
 64350K .......... .......... .......... .......... .......... 99% 13.2M 0s
 64400K .......... .......... .......... .......... .......... 99% 12.8M 0s
 64450K .......... .......... .......... .......... .......... 99% 13.4M 0s
 64500K .......... .......... .......... .......... .......... 99% 16.9M 0s
 64550K .......... .......... .......... .......... .......... 99% 12.0M 0s
 64600K .......... .......... .......... .......... .......... 99% 13.7M 0s
 64650K .......... .......... .......... .......... .......... 99% 13.0M 0s
 64700K .......... .......... .......... .......... .......... 99% 10.2M 0s
 64750K .......... .......... .......... .......... .......... 99% 5.82M 0s
 64800K .......... .......... .......... .......... .......... 99% 12.9M 0s
 64850K .......... .......... .......... .......... .......... 99% 10.1M 0s
 64900K .......... .......... .......... .......... .......... 99% 16.3M 0s
 64950K ..                                                    100% 4902G=6.3s

2026-08-03 07:56:28 (9.92 MB/s) - 'rtdetr-l.pt' saved [66511432/66511432]

